Archive member included to satisfy reference by file (symbol)

c:/progra~2/gnuarm~1/102021~1.10/bin/../lib/gcc/arm-none-eabi/10.3.1/thumb/v6-m/nofp\libgcc.a(_dvmd_tls.o)
                              CMakeFiles/main__.dir/C_/Microcontroller/pico-SDK/pico-sdk/src/rp2_common/pico_divider/divider.S.obj (__aeabi_idiv0)
c:/progra~2/gnuarm~1/102021~1.10/bin/../lib/gcc/arm-none-eabi/10.3.1/thumb/v6-m/nofp\libgcc.a(unwind-arm.o)
                              CMakeFiles/main__.dir/main.cpp.obj (__aeabi_unwind_cpp_pr1)
c:/progra~2/gnuarm~1/102021~1.10/bin/../lib/gcc/arm-none-eabi/10.3.1/thumb/v6-m/nofp\libgcc.a(libunwind.o)
                              c:/progra~2/gnuarm~1/102021~1.10/bin/../lib/gcc/arm-none-eabi/10.3.1/thumb/v6-m/nofp\libgcc.a(unwind-arm.o) (restore_core_regs)
c:/progra~2/gnuarm~1/102021~1.10/bin/../lib/gcc/arm-none-eabi/10.3.1/thumb/v6-m/nofp\libgcc.a(pr-support.o)
                              c:/progra~2/gnuarm~1/102021~1.10/bin/../lib/gcc/arm-none-eabi/10.3.1/thumb/v6-m/nofp\libgcc.a(unwind-arm.o) (__gnu_unwind_execute)
c:/progra~2/gnuarm~1/102021~1.10/bin/../lib/gcc/arm-none-eabi/10.3.1/../../../../arm-none-eabi/lib/thumb/v6-m/nofp\libc.a(lib_a-abort.o)
                              c:/progra~2/gnuarm~1/102021~1.10/bin/../lib/gcc/arm-none-eabi/10.3.1/thumb/v6-m/nofp\libgcc.a(unwind-arm.o) (abort)
c:/progra~2/gnuarm~1/102021~1.10/bin/../lib/gcc/arm-none-eabi/10.3.1/../../../../arm-none-eabi/lib/thumb/v6-m/nofp\libc.a(lib_a-calloc.o)
                              CMakeFiles/main__.dir/C_/Microcontroller/pico-SDK/pico-sdk/src/rp2_common/pico_malloc/pico_malloc.c.obj (calloc)
c:/progra~2/gnuarm~1/102021~1.10/bin/../lib/gcc/arm-none-eabi/10.3.1/../../../../arm-none-eabi/lib/thumb/v6-m/nofp\libc.a(lib_a-callocr.o)
                              c:/progra~2/gnuarm~1/102021~1.10/bin/../lib/gcc/arm-none-eabi/10.3.1/../../../../arm-none-eabi/lib/thumb/v6-m/nofp\libc.a(lib_a-calloc.o) (_calloc_r)
c:/progra~2/gnuarm~1/102021~1.10/bin/../lib/gcc/arm-none-eabi/10.3.1/../../../../arm-none-eabi/lib/thumb/v6-m/nofp\libc.a(lib_a-errno.o)
                              c:/progra~2/gnuarm~1/102021~1.10/bin/../lib/gcc/arm-none-eabi/10.3.1/../../../../arm-none-eabi/lib/thumb/v6-m/nofp\libc.a(lib_a-callocr.o) (__errno)
c:/progra~2/gnuarm~1/102021~1.10/bin/../lib/gcc/arm-none-eabi/10.3.1/../../../../arm-none-eabi/lib/thumb/v6-m/nofp\libc.a(lib_a-impure.o)
                              c:/progra~2/gnuarm~1/102021~1.10/bin/../lib/gcc/arm-none-eabi/10.3.1/../../../../arm-none-eabi/lib/thumb/v6-m/nofp\libc.a(lib_a-calloc.o) (_impure_ptr)
c:/progra~2/gnuarm~1/102021~1.10/bin/../lib/gcc/arm-none-eabi/10.3.1/../../../../arm-none-eabi/lib/thumb/v6-m/nofp\libc.a(lib_a-init.o)
                              c:/progra~2/gnuarm~1/102021~1.10/bin/../lib/gcc/arm-none-eabi/10.3.1/../../../../arm-none-eabi/lib/thumb/v6-m/nofp/crt0.o (__libc_init_array)
c:/progra~2/gnuarm~1/102021~1.10/bin/../lib/gcc/arm-none-eabi/10.3.1/../../../../arm-none-eabi/lib/thumb/v6-m/nofp\libc.a(lib_a-malloc.o)
                              CMakeFiles/main__.dir/C_/Microcontroller/pico-SDK/pico-sdk/src/rp2_common/pico_malloc/pico_malloc.c.obj (malloc)
c:/progra~2/gnuarm~1/102021~1.10/bin/../lib/gcc/arm-none-eabi/10.3.1/../../../../arm-none-eabi/lib/thumb/v6-m/nofp\libc.a(lib_a-mallocr.o)
                              c:/progra~2/gnuarm~1/102021~1.10/bin/../lib/gcc/arm-none-eabi/10.3.1/../../../../arm-none-eabi/lib/thumb/v6-m/nofp\libc.a(lib_a-callocr.o) (_malloc_r)
c:/progra~2/gnuarm~1/102021~1.10/bin/../lib/gcc/arm-none-eabi/10.3.1/../../../../arm-none-eabi/lib/thumb/v6-m/nofp\libc.a(lib_a-mlock.o)
                              c:/progra~2/gnuarm~1/102021~1.10/bin/../lib/gcc/arm-none-eabi/10.3.1/../../../../arm-none-eabi/lib/thumb/v6-m/nofp\libc.a(lib_a-mallocr.o) (__malloc_lock)
c:/progra~2/gnuarm~1/102021~1.10/bin/../lib/gcc/arm-none-eabi/10.3.1/../../../../arm-none-eabi/lib/thumb/v6-m/nofp\libc.a(lib_a-realloc.o)
                              CMakeFiles/main__.dir/C_/Microcontroller/pico-SDK/pico-sdk/src/rp2_common/pico_malloc/pico_malloc.c.obj (realloc)
c:/progra~2/gnuarm~1/102021~1.10/bin/../lib/gcc/arm-none-eabi/10.3.1/../../../../arm-none-eabi/lib/thumb/v6-m/nofp\libc.a(lib_a-reallocr.o)
                              c:/progra~2/gnuarm~1/102021~1.10/bin/../lib/gcc/arm-none-eabi/10.3.1/../../../../arm-none-eabi/lib/thumb/v6-m/nofp\libc.a(lib_a-realloc.o) (_realloc_r)
c:/progra~2/gnuarm~1/102021~1.10/bin/../lib/gcc/arm-none-eabi/10.3.1/../../../../arm-none-eabi/lib/thumb/v6-m/nofp\libc.a(lib_a-sbrkr.o)
                              c:/progra~2/gnuarm~1/102021~1.10/bin/../lib/gcc/arm-none-eabi/10.3.1/../../../../arm-none-eabi/lib/thumb/v6-m/nofp\libc.a(lib_a-mallocr.o) (_sbrk_r)
c:/progra~2/gnuarm~1/102021~1.10/bin/../lib/gcc/arm-none-eabi/10.3.1/../../../../arm-none-eabi/lib/thumb/v6-m/nofp\libc.a(lib_a-signal.o)
[...]
Memory Configuration

Name             Origin             Length             Attributes
FLASH            0x10000000         0x00200000         xr
RAM              0x20000000         0x00040000         xrw
SCRATCH_X        0x20040000         0x00001000         xrw
SCRATCH_Y        0x20041000         0x00001000         xrw
*default*        0x00000000         0xffffffff

Linker script and memory map

LOAD c:/progra~2/gnuarm~1/102021~1.10/bin/../lib/gcc/arm-none-eabi/10.3.1/thumb/v6-m/nofp/crti.o
LOAD c:/progra~2/gnuarm~1/102021~1.10/bin/../lib/gcc/arm-none-eabi/10.3.1/thumb/v6-m/nofp/crtbegin.o
LOAD c:/progra~2/gnuarm~1/102021~1.10/bin/../lib/gcc/arm-none-eabi/10.3.1/../../../../arm-none-eabi/lib/thumb/v6-m/nofp/crt0.o

.flash_begin    0x10000000        0x0
                0x10000000                __flash_binary_start = .

.boot2          0x10000000      0x100
                0x10000000                __boot2_start__ = .
 *(.boot2)
 .boot2         0x10000000      0x100 C:\Users\bcps1\AppData\Local\Temp\ccimJiUb.o
                0x10000100                __boot2_end__ = .
                0x00000001                ASSERT (((__boot2_end__ - __boot2_start__) == 0x100), ERROR: Pico second stage bootloader must be 256 bytes in size)

.text           0x10000100     0x8928
                0x10000100                __logical_binary_start = .
 *(.vectors)
 .vectors       0x10000100       0xd4 CMakeFiles/main__.dir/C_/Microcontroller/pico-SDK/pico-sdk/src/rp2_common/pico_standard_link/crt0.S.obj
                0x10000100                __VECTOR_TABLE
                0x10000100                __vectors
                0x100001c0                isr_invalid
                0x100001c0                __default_isrs_start
                0x100001c2                isr_nmi
                0x100001c4                isr_hardfault
                0x100001c6                isr_svcall
                0x100001c8                isr_pendsv
                0x100001ca                isr_systick
                0x100001cc                isr_irq23
                0x100001cc                isr_irq18
                0x100001cc                isr_irq11
                0x100001cc                isr_irq28
                0x100001cc                isr_irq19
                0x100001cc                isr_irq0
                0x100001cc                isr_irq6
                0x100001cc                isr_irq5
                0x100001cc                isr_irq12
                0x100001cc                isr_irq22
                0x100001cc                isr_irq31
                0x100001cc                isr_irq17
                0x100001cc                isr_irq27
                0x100001cc                isr_irq30
                0x100001cc                isr_irq2
                0x100001cc                isr_irq10
                0x100001cc                isr_irq8
                0x100001cc                isr_irq24
                0x100001cc                isr_irq1
                0x100001cc                isr_irq7
                0x100001cc                isr_irq21
                0x100001cc                isr_irq20
                0x100001cc                isr_irq15
                0x100001cc                isr_irq25
                0x100001cc                isr_irq13
                0x100001cc                __unhandled_user_irq
                0x100001cc                isr_irq4
                0x100001cc                isr_irq16
                0x100001cc                isr_irq29
                0x100001cc                isr_irq26
                0x100001cc                __default_isrs_end
                0x100001cc                isr_irq3
                0x100001cc                isr_irq14
                0x100001cc                isr_irq9
                0x100001d2                unhandled_user_irq_num_in_r0
 *(.binary_info_header)
 .binary_info_header
                0x100001d4       0x14 CMakeFiles/main__.dir/C_/Microcontroller/pico-SDK/pico-sdk/src/rp2_common/pico_standard_link/crt0.S.obj
                0x100001e8                __binary_info_header_end = .
 *(.reset)
 .reset         0x100001e8       0xa0 CMakeFiles/main__.dir/C_/Microcontroller/pico-SDK/pico-sdk/src/rp2_common/pico_standard_link/crt0.S.obj
                0x100001e8                _entry_point
 .reset         0x10000288       0x30 CMakeFiles/main__.dir/C_/Microcontroller/pico-SDK/pico-sdk/src/rp2_common/pico_standard_link/binary_info.c.obj
 *(.init)
 .init          0x100002b8        0x4 c:/progra~2/gnuarm~1/102021~1.10/bin/../lib/gcc/arm-none-eabi/10.3.1/thumb/v6-m/nofp/crti.o
                0x100002b8                _init
 *(EXCLUDE_FILE(*libm.a: *libc.a:*lib_a-mem*.o *libgcc.a:) .text*)
 .text          0x100002bc       0x48 c:/progra~2/gnuarm~1/102021~1.10/bin/../lib/gcc/arm-none-eabi/10.3.1/thumb/v6-m/nofp/crtbegin.o
 .text.startup.main
                0x10000304     0x3b8c CMakeFiles/main__.dir/main.cpp.obj
                0x10000304                main
 .text.set_sys_clock_pll
                0x10003e90       0x78 CMakeFiles/main__.dir/C_/Microcontroller/pico-SDK/pico-sdk/src/rp2_common/pico_stdlib/stdlib.c.obj
                0x10003e90                set_sys_clock_pll
 .text.check_sys_clock_khz
                0x10003f08      0x178 CMakeFiles/main__.dir/C_/Microcontroller/pico-SDK/pico-sdk/src/rp2_common/pico_stdlib/stdlib.c.obj
                0x10003f08                check_sys_clock_khz
 .text.gpio_init
                0x10004080       0x3c CMakeFiles/main__.dir/C_/Microcontroller/pico-SDK/pico-sdk/src/rp2_common/hardware_gpio/gpio.c.obj
                0x10004080                gpio_init
 .text.running_on_fpga
                0x100040bc       0x10 CMakeFiles/main__.dir/C_/Microcontroller/pico-SDK/pico-sdk/src/rp2_common/pico_platform/platform.c.obj
                0x100040bc                running_on_fpga
 .text.hw_claim_or_assert
                0x100040cc       0x44 CMakeFiles/main__.dir/C_/Microcontroller/pico-SDK/pico-sdk/src/rp2_common/hardware_claim/claim.c.obj
                0x100040cc                hw_claim_or_assert
 .text.hw_claim_unused_from_range
                0x10004110       0x9c CMakeFiles/main__.dir/C_/Microcontroller/pico-SDK/pico-sdk/src/rp2_common/hardware_claim/claim.c.obj
                0x10004110                hw_claim_unused_from_range
 .text.spin_locks_reset
                0x100041ac       0x1c CMakeFiles/main__.dir/C_/Microcontroller/pico-SDK/pico-sdk/src/rp2_common/hardware_sync/sync.c.obj
                0x100041ac                spin_locks_reset
 .text.next_striped_spin_lock_num
                0x100041c8       0x18 CMakeFiles/main__.dir/C_/Microcontroller/pico-SDK/pico-sdk/src/rp2_common/hardware_sync/sync.c.obj
                0x100041c8                next_striped_spin_lock_num
 .text.spin_lock_claim_unused
                0x100041e0       0x20 CMakeFiles/main__.dir/C_/Microcontroller/pico-SDK/pico-sdk/src/rp2_common/hardware_sync/sync.c.obj
                0x100041e0                spin_lock_claim_unused
 .text.irq_set_enabled
                0x10004200       0x24 CMakeFiles/main__.dir/C_/Microcontroller/pico-SDK/pico-sdk/src/rp2_common/hardware_irq/irq.c.obj
                0x10004200                irq_set_enabled
 .text.irq_set_pending
                0x10004224       0x10 CMakeFiles/main__.dir/C_/Microcontroller/pico-SDK/pico-sdk/src/rp2_common/hardware_irq/irq.c.obj
                0x10004224                irq_set_pending
 .text.irq_has_shared_handler
                0x10004234       0x2c CMakeFiles/main__.dir/C_/Microcontroller/pico-SDK/pico-sdk/src/rp2_common/hardware_irq/irq.c.obj
                0x10004234                irq_has_shared_handler
 .text.irq_get_vtable_handler
                0x10004260       0x10 CMakeFiles/main__.dir/C_/Microcontroller/pico-SDK/pico-sdk/src/rp2_common/hardware_irq/irq.c.obj
                0x10004260                irq_get_vtable_handler
 .text.irq_set_exclusive_handler
                0x10004270       0x54 CMakeFiles/main__.dir/C_/Microcontroller/pico-SDK/pico-sdk/src/rp2_common/hardware_irq/irq.c.obj
                0x10004270                irq_set_exclusive_handler
 .text.irq_add_shared_handler
                0x100042c4      0x1e8 CMakeFiles/main__.dir/C_/Microcontroller/pico-SDK/pico-sdk/src/rp2_common/hardware_irq/irq.c.obj
                0x100042c4                irq_add_shared_handler
 .text.irq_remove_handler
                0x100044ac      0x1b0 CMakeFiles/main__.dir/C_/Microcontroller/pico-SDK/pico-sdk/src/rp2_common/hardware_irq/irq.c.obj
                0x100044ac                irq_remove_handler
 .text.irq_add_tail_to_free_list
                0x1000465c       0xb4 CMakeFiles/main__.dir/C_/Microcontroller/pico-SDK/pico-sdk/src/rp2_common/hardware_irq/irq.c.obj
                0x1000465c                irq_add_tail_to_free_list
 .text.irq_init_priorities
                0x10004710       0x24 CMakeFiles/main__.dir/C_/Microcontroller/pico-SDK/pico-sdk/src/rp2_common/hardware_irq/irq.c.obj
                0x10004710                irq_init_priorities
 .text.user_irq_claim_unused
                0x10004734       0x28 CMakeFiles/main__.dir/C_/Microcontroller/pico-SDK/pico-sdk/src/rp2_common/hardware_irq/irq.c.obj
                0x10004734                user_irq_claim_unused
 .text.lock_init
                0x1000475c       0x10 CMakeFiles/main__.dir/C_/Microcontroller/pico-SDK/pico-sdk/src/common/pico_sync/lock_core.c.obj
                0x1000475c                lock_init
 .text.mutex_init
                0x1000476c       0x1c CMakeFiles/main__.dir/C_/Microcontroller/pico-SDK/pico-sdk/src/common/pico_sync/mutex.c.obj
                0x1000476c                mutex_init
 .text.recursive_mutex_init
                0x10004788       0x1c CMakeFiles/main__.dir/C_/Microcontroller/pico-SDK/pico-sdk/src/common/pico_sync/mutex.c.obj
                0x10004788                recursive_mutex_init
 .text.critical_section_init
                0x100047a4       0x20 CMakeFiles/main__.dir/C_/Microcontroller/pico-SDK/pico-sdk/src/common/pico_sync/critical_section.c.obj
                0x100047a4                critical_section_init
 .text.critical_section_init_with_lock_num
                0x100047c4       0x14 CMakeFiles/main__.dir/C_/Microcontroller/pico-SDK/pico-sdk/src/common/pico_sync/critical_section.c.obj
                0x100047c4                critical_section_init_with_lock_num
 .text.timer_pool_entry_comparator
                0x100047d8       0x34 CMakeFiles/main__.dir/C_/Microcontroller/pico-SDK/pico-sdk/src/common/pico_time/time.c.obj
                0x100047d8                timer_pool_entry_comparator
 .text.sleep_until_callback
                0x1000480c       0x30 CMakeFiles/main__.dir/C_/Microcontroller/pico-SDK/pico-sdk/src/common/pico_time/time.c.obj
 .text.add_alarm_under_lock.isra.0
                0x1000483c      0x100 CMakeFiles/main__.dir/C_/Microcontroller/pico-SDK/pico-sdk/src/common/pico_time/time.c.obj
 .text.alarm_pool_alarm_callback
                0x1000493c      0x1b8 CMakeFiles/main__.dir/C_/Microcontroller/pico-SDK/pico-sdk/src/common/pico_time/time.c.obj
 .text.alarm_pool_init_default
                0x10004af4       0x6c CMakeFiles/main__.dir/C_/Microcontroller/pico-SDK/pico-sdk/src/common/pico_time/time.c.obj
                0x10004af4                alarm_pool_init_default
 .text.alarm_pool_get_default
                0x10004b60        0x8 CMakeFiles/main__.dir/C_/Microcontroller/pico-SDK/pico-sdk/src/common/pico_time/time.c.obj
                0x10004b60                alarm_pool_get_default
 .text.alarm_pool_add_alarm_at
                0x10004b68      0x17c CMakeFiles/main__.dir/C_/Microcontroller/pico-SDK/pico-sdk/src/common/pico_time/time.c.obj
                0x10004b68                alarm_pool_add_alarm_at
 .text.alarm_pool_cancel_alarm
                0x10004ce4       0x74 CMakeFiles/main__.dir/C_/Microcontroller/pico-SDK/pico-sdk/src/common/pico_time/time.c.obj
                0x10004ce4                alarm_pool_cancel_alarm
 .text.alarm_pool_core_num
                0x10004d58        0x4 CMakeFiles/main__.dir/C_/Microcontroller/pico-SDK/pico-sdk/src/common/pico_time/time.c.obj
                0x10004d58                alarm_pool_core_num
 .text.sleep_until
                0x10004d5c       0xc4 CMakeFiles/main__.dir/C_/Microcontroller/pico-SDK/pico-sdk/src/common/pico_time/time.c.obj
                0x10004d5c                sleep_until
 .text.sleep_us
                0x10004e20       0x24 CMakeFiles/main__.dir/C_/Microcontroller/pico-SDK/pico-sdk/src/common/pico_time/time.c.obj
                0x10004e20                sleep_us
 .text.sleep_ms
                0x10004e44       0x34 CMakeFiles/main__.dir/C_/Microcontroller/pico-SDK/pico-sdk/src/common/pico_time/time.c.obj
                0x10004e44                sleep_ms
 .text.best_effort_wfe_or_timeout
                0x10004e78       0x78 CMakeFiles/main__.dir/C_/Microcontroller/pico-SDK/pico-sdk/src/common/pico_time/time.c.obj
                0x10004e78                best_effort_wfe_or_timeout
 .text.hardware_alarm_irq_handler
                0x10004ef0       0xbc CMakeFiles/main__.dir/C_/Microcontroller/pico-SDK/pico-sdk/src/rp2_common/hardware_timer/timer.c.obj
 .text.hardware_alarm_claim
                0x10004fac       0x18 CMakeFiles/main__.dir/C_/Microcontroller/pico-SDK/pico-sdk/src/rp2_common/hardware_timer/timer.c.obj
                0x10004fac                hardware_alarm_claim
 .text.time_us_64
                0x10004fc4       0x14 CMakeFiles/main__.dir/C_/Microcontroller/pico-SDK/pico-sdk/src/rp2_common/hardware_timer/timer.c.obj
                0x10004fc4                time_us_64
 .text.busy_wait_until
                0x10004fd8       0x20 CMakeFiles/main__.dir/C_/Microcontroller/pico-SDK/pico-sdk/src/rp2_common/hardware_timer/timer.c.obj
                0x10004fd8                busy_wait_until
 .text.hardware_alarm_set_callback
                0x10004ff8       0x8c CMakeFiles/main__.dir/C_/Microcontroller/pico-SDK/pico-sdk/src/rp2_common/hardware_timer/timer.c.obj
                0x10004ff8                hardware_alarm_set_callback
 .text.hardware_alarm_set_target
                0x10005084       0xe0 CMakeFiles/main__.dir/C_/Microcontroller/pico-SDK/pico-sdk/src/rp2_common/hardware_timer/timer.c.obj
                0x10005084                hardware_alarm_set_target
 .text.hardware_alarm_cancel
                0x10005164       0x3c CMakeFiles/main__.dir/C_/Microcontroller/pico-SDK/pico-sdk/src/rp2_common/hardware_timer/timer.c.obj
                0x10005164                hardware_alarm_cancel
 .text.ph_merge_nodes
                0x100051a0       0x68 CMakeFiles/main__.dir/C_/Microcontroller/pico-SDK/pico-sdk/src/common/pico_util/pheap.c.obj
 .text.ph_post_alloc_init
                0x10005208       0x3c CMakeFiles/main__.dir/C_/Microcontroller/pico-SDK/pico-sdk/src/common/pico_util/pheap.c.obj
                0x10005208                ph_post_alloc_init
 .text.ph_merge_two_pass
                0x10005244       0x90 CMakeFiles/main__.dir/C_/Microcontroller/pico-SDK/pico-sdk/src/common/pico_util/pheap.c.obj
                0x10005244                ph_merge_two_pass
 .text.ph_remove_any_head
                0x100052d4      0x100 CMakeFiles/main__.dir/C_/Microcontroller/pico-SDK/pico-sdk/src/common/pico_util/pheap.c.obj
 .text.ph_remove_head
                0x100053d4      0x104 CMakeFiles/main__.dir/C_/Microcontroller/pico-SDK/pico-sdk/src/common/pico_util/pheap.c.obj
                0x100053d4                ph_remove_head
 .text.ph_remove_and_free_node
                0x100054d8       0x7c CMakeFiles/main__.dir/C_/Microcontroller/pico-SDK/pico-sdk/src/common/pico_util/pheap.c.obj
                0x100054d8                ph_remove_and_free_node
 .text.clock_configure
                0x10005554      0x114 CMakeFiles/main__.dir/C_/Microcontroller/pico-SDK/pico-sdk/src/rp2_common/hardware_clocks/clocks.c.obj
                0x10005554                clock_configure
 .text.clocks_init
                0x10005668      0x2bc CMakeFiles/main__.dir/C_/Microcontroller/pico-SDK/pico-sdk/src/rp2_common/hardware_clocks/clocks.c.obj
                0x10005668                clocks_init
 .text.clock_get_hz
                0x10005924        0xc CMakeFiles/main__.dir/C_/Microcontroller/pico-SDK/pico-sdk/src/rp2_common/hardware_clocks/clocks.c.obj
                0x10005924                clock_get_hz
 .text.pll_init
                0x10005930       0xb0 CMakeFiles/main__.dir/C_/Microcontroller/pico-SDK/pico-sdk/src/rp2_common/hardware_pll/pll.c.obj
                0x10005930                pll_init
 .text.watchdog_start_tick
                0x100059e0       0x10 CMakeFiles/main__.dir/C_/Microcontroller/pico-SDK/pico-sdk/src/rp2_common/hardware_watchdog/watchdog.c.obj
                0x100059e0                watchdog_start_tick
 .text.watchdog_reboot
                0x100059f0       0x98 CMakeFiles/main__.dir/C_/Microcontroller/pico-SDK/pico-sdk/src/rp2_common/hardware_watchdog/watchdog.c.obj
                0x100059f0                watchdog_reboot
 .text.xosc_init
                0x10005a88       0x28 CMakeFiles/main__.dir/C_/Microcontroller/pico-SDK/pico-sdk/src/rp2_common/hardware_xosc/xosc.c.obj
                0x10005a88                xosc_init
 .text.runtime_init
                0x10005ab0       0xf0 CMakeFiles/main__.dir/C_/Microcontroller/pico-SDK/pico-sdk/src/rp2_common/pico_runtime/runtime.c.obj
                0x10005ab0                runtime_init
 .text._exit    0x10005ba0        0x4 CMakeFiles/main__.dir/C_/Microcontroller/pico-SDK/pico-sdk/src/rp2_common/pico_runtime/runtime.c.obj
                0x10005ba0                _exit
 .text._getpid  0x10005ba4        0x4 CMakeFiles/main__.dir/C_/Microcontroller/pico-SDK/pico-sdk/src/rp2_common/pico_runtime/runtime.c.obj
                0x10005ba4                _getpid
 .text._kill    0x10005ba8        0x8 CMakeFiles/main__.dir/C_/Microcontroller/pico-SDK/pico-sdk/src/rp2_common/pico_runtime/runtime.c.obj
                0x10005ba8                _kill
 .text.exit     0x10005bb0        0x8 CMakeFiles/main__.dir/C_/Microcontroller/pico-SDK/pico-sdk/src/rp2_common/pico_runtime/runtime.c.obj
                0x10005bb0                exit
 .text.panic    0x10005bb8       0x30 CMakeFiles/main__.dir/C_/Microcontroller/pico-SDK/pico-sdk/src/rp2_common/pico_runtime/runtime.c.obj
                0x10005bb8                panic
 .text.hard_assertion_failure
                0x10005be8        0xc CMakeFiles/main__.dir/C_/Microcontroller/pico-SDK/pico-sdk/src/rp2_common/pico_runtime/runtime.c.obj
                0x10005be8                hard_assertion_failure
 .text._out_char
                0x10005bf4       0x10 CMakeFiles/main__.dir/C_/Microcontroller/pico-SDK/pico-sdk/src/rp2_common/pico_printf/printf.c.obj
 .text.weak_raw_vprintf
                0x10005c04       0x30 CMakeFiles/main__.dir/C_/Microcontroller/pico-SDK/pico-sdk/src/rp2_common/pico_printf/printf.c.obj
                0x10005c04                weak_raw_vprintf
 .text          0x10005c34       0x10 CMakeFiles/main__.dir/C_/Microcontroller/pico-SDK/pico-sdk/src/rp2_common/pico_bit_ops/bit_ops_aeabi.S.obj
 .text.rom_func_lookup
                0x10005c44       0x10 CMakeFiles/main__.dir/C_/Microcontroller/pico-SDK/pico-sdk/src/rp2_common/pico_bootrom/bootrom.c.obj
                0x10005c44                rom_func_lookup
 .text.rom_data_lookup
                0x10005c54       0x10 CMakeFiles/main__.dir/C_/Microcontroller/pico-SDK/pico-sdk/src/rp2_common/pico_bootrom/bootrom.c.obj
                0x10005c54                rom_data_lookup
 .text.rom_funcs_lookup
                0x10005c64       0x44 CMakeFiles/main__.dir/C_/Microcontroller/pico-SDK/pico-sdk/src/rp2_common/pico_bootrom/bootrom.c.obj
                0x10005c64                rom_funcs_lookup
 .text.__wrap___aeabi_uidiv
                0x10005ca8       0x4c CMakeFiles/main__.dir/C_/Microcontroller/pico-SDK/pico-sdk/src/rp2_common/pico_divider/divider.S.obj
                0x10005ca8                __wrap___aeabi_uidiv
                0x10005ca8                __wrap___aeabi_uidivmod
                0x10005ca8                div_u32u32
                0x10005ca8                divmod_u32u32
                0x10005cb0                divmod_u32u32_unsafe
                0x10005cd8                divmod_u32u32_savestate
 .text.__wrap___aeabi_ldiv
                0x10005cf4      0x424 CMakeFiles/main__.dir/C_/Microcontroller/pico-SDK/pico-sdk/src/rp2_common/pico_divider/divider.S.obj
                0x10005cf4                div_s64s64
                0x10005cf4                divmod_s64s64
                0x10005cf4                __wrap___aeabi_ldivmod
                0x10005d24                divmod_u64u64
                0x10005d24                div_u64u64
                0x10005d24                __wrap___aeabi_uldivmod
                0x10005d34                divmod_u64u64_savestate
                0x10005d54                divmod_s64s64_unsafe
                0x10005ddc                divmod_u64u64_unsafe
 .text.__aeabi_double_init
                0x10006118       0x94 CMakeFiles/main__.dir/C_/Microcontroller/pico-SDK/pico-sdk/src/rp2_common/pico_double/double_init_rom.c.obj
                0x10006118                __aeabi_double_init
 .text.double_table_shim_on_use_helper
                0x100061ac       0x2c CMakeFiles/main__.dir/C_/Microcontroller/pico-SDK/pico-sdk/src/rp2_common/pico_double/double_v1_rom_shim.S.obj
                0x100061ac                double_table_shim_on_use_helper
 .text.__aeabi_lmul
                0x100061d8       0x32 CMakeFiles/main__.dir/C_/Microcontroller/pico-SDK/pico-sdk/src/rp2_common/pico_int64_ops/pico_int64_ops_aeabi.S.obj
                0x100061d8                __wrap___aeabi_lmul
 *fill*         0x1000620a        0x2 
 .text.__aeabi_float_init
                0x1000620c       0x64 CMakeFiles/main__.dir/C_/Microcontroller/pico-SDK/pico-sdk/src/rp2_common/pico_float/float_init_rom.c.obj
                0x1000620c                __aeabi_float_init
 .text.float_table_shim_on_use_helper
                0x10006270       0x2c CMakeFiles/main__.dir/C_/Microcontroller/pico-SDK/pico-sdk/src/rp2_common/pico_float/float_v1_rom_shim.S.obj
                0x10006270                float_table_shim_on_use_helper
 .text          0x1000629c       0x10 CMakeFiles/main__.dir/C_/Microcontroller/pico-SDK/pico-sdk/src/rp2_common/pico_mem_ops/mem_ops_aeabi.S.obj
                0x1000629c                __aeabi_mem_init
 .text.memset   0x100062ac        0xc CMakeFiles/main__.dir/C_/Microcontroller/pico-SDK/pico-sdk/src/rp2_common/pico_mem_ops/mem_ops_aeabi.S.obj
                0x100062ac                __wrap_memset
 .text.memcpy   0x100062b8        0xc CMakeFiles/main__.dir/C_/Microcontroller/pico-SDK/pico-sdk/src/rp2_common/pico_mem_ops/mem_ops_aeabi.S.obj
                0x100062b8                __wrap_memcpy
                0x100062b8                __wrap___aeabi_memcpy
 .text.stdio_out_chars_no_crlf
                0x100062c4       0x10 CMakeFiles/main__.dir/C_/Microcontroller/pico-SDK/pico-sdk/src/rp2_common/pico_stdio/stdio.c.obj
 .text.stdio_out_chars_crlf
                0x100062d4       0xb4 CMakeFiles/main__.dir/C_/Microcontroller/pico-SDK/pico-sdk/src/rp2_common/pico_stdio/stdio.c.obj
 .text.stdio_put_string.isra.0
                0x10006388       0xfc CMakeFiles/main__.dir/C_/Microcontroller/pico-SDK/pico-sdk/src/rp2_common/pico_stdio/stdio.c.obj
 .text.__wrap_putchar
                0x10006484       0x98 CMakeFiles/main__.dir/C_/Microcontroller/pico-SDK/pico-sdk/src/rp2_common/pico_stdio/stdio.c.obj
                0x10006484                __wrap_putchar
 .text.__wrap_puts
                0x1000651c       0x3c CMakeFiles/main__.dir/C_/Microcontroller/pico-SDK/pico-sdk/src/rp2_common/pico_stdio/stdio.c.obj
                0x1000651c                __wrap_puts
 .text.stdio_set_driver_enabled
                0x10006558       0x30 CMakeFiles/main__.dir/C_/Microcontroller/pico-SDK/pico-sdk/src/rp2_common/pico_stdio/stdio.c.obj
                0x10006558                stdio_set_driver_enabled
 .text.stdio_init_all
                0x10006588        0x8 CMakeFiles/main__.dir/C_/Microcontroller/pico-SDK/pico-sdk/src/rp2_common/pico_stdio/stdio.c.obj
                0x10006588                stdio_init_all
 .text.resetd_init
                0x10006590        0x4 CMakeFiles/main__.dir/C_/Microcontroller/pico-SDK/pico-sdk/src/rp2_common/pico_stdio_usb/reset_interface.c.obj
 .text.resetd_reset
                0x10006594        0xc CMakeFiles/main__.dir/C_/Microcontroller/pico-SDK/pico-sdk/src/rp2_common/pico_stdio_usb/reset_interface.c.obj
 .text.resetd_open
                0x100065a0       0x28 CMakeFiles/main__.dir/C_/Microcontroller/pico-SDK/pico-sdk/src/rp2_common/pico_stdio_usb/reset_interface.c.obj
 .text.resetd_xfer_cb
                0x100065c8        0x4 CMakeFiles/main__.dir/C_/Microcontroller/pico-SDK/pico-sdk/src/rp2_common/pico_stdio_usb/reset_interface.c.obj
 .text.resetd_control_xfer_cb
                0x100065cc       0x64 CMakeFiles/main__.dir/C_/Microcontroller/pico-SDK/pico-sdk/src/rp2_common/pico_stdio_usb/reset_interface.c.obj
 .text.usbd_app_driver_get_cb
                0x10006630        0xc CMakeFiles/main__.dir/C_/Microcontroller/pico-SDK/pico-sdk/src/rp2_common/pico_stdio_usb/reset_interface.c.obj
                0x10006630                usbd_app_driver_get_cb
 .text.tud_cdc_line_coding_cb
                0x1000663c       0x34 CMakeFiles/main__.dir/C_/Microcontroller/pico-SDK/pico-sdk/src/rp2_common/pico_stdio_usb/reset_interface.c.obj
                0x1000663c                tud_cdc_line_coding_cb
 .text.stdio_usb_set_chars_available_callback
                0x10006670       0x14 CMakeFiles/main__.dir/C_/Microcontroller/pico-SDK/pico-sdk/src/rp2_common/pico_stdio_usb/stdio_usb.c.obj
                0x10006670                stdio_usb_set_chars_available_callback
 .text.usb_irq  0x10006684       0x10 CMakeFiles/main__.dir/C_/Microcontroller/pico-SDK/pico-sdk/src/rp2_common/pico_stdio_usb/stdio_usb.c.obj
 .text.timer_task
                0x10006694       0x54 CMakeFiles/main__.dir/C_/Microcontroller/pico-SDK/pico-sdk/src/rp2_common/pico_stdio_usb/stdio_usb.c.obj
 .text.stdio_usb_in_chars
                0x100066e8       0x90 CMakeFiles/main__.dir/C_/Microcontroller/pico-SDK/pico-sdk/src/rp2_common/pico_stdio_usb/stdio_usb.c.obj
                0x100066e8                stdio_usb_in_chars
 .text.stdio_usb_out_chars
                0x10006778      0x100 CMakeFiles/main__.dir/C_/Microcontroller/pico-SDK/pico-sdk/src/rp2_common/pico_stdio_usb/stdio_usb.c.obj
 .text.low_priority_worker_irq
                0x10006878       0xa8 CMakeFiles/main__.dir/C_/Microcontroller/pico-SDK/pico-sdk/src/rp2_common/pico_stdio_usb/stdio_usb.c.obj
 .text.tud_cdc_rx_cb
                0x10006920       0x20 CMakeFiles/main__.dir/C_/Microcontroller/pico-SDK/pico-sdk/src/rp2_common/pico_stdio_usb/stdio_usb.c.obj
                0x10006920                tud_cdc_rx_cb
 .text.stdio_usb_init
                0x10006940       0xdc CMakeFiles/main__.dir/C_/Microcontroller/pico-SDK/pico-sdk/src/rp2_common/pico_stdio_usb/stdio_usb.c.obj
                0x10006940                stdio_usb_init
 .text.tud_descriptor_device_cb
                0x10006a1c        0x8 CMakeFiles/main__.dir/C_/Microcontroller/pico-SDK/pico-sdk/src/rp2_common/pico_stdio_usb/stdio_usb_descriptors.c.obj
                0x10006a1c                tud_descriptor_device_cb
 .text.tud_descriptor_configuration_cb
                0x10006a24        0x8 CMakeFiles/main__.dir/C_/Microcontroller/pico-SDK/pico-sdk/src/rp2_common/pico_stdio_usb/stdio_usb_descriptors.c.obj
                0x10006a24                tud_descriptor_configuration_cb
 .text.tud_descriptor_string_cb
                0x10006a2c       0x74 CMakeFiles/main__.dir/C_/Microcontroller/pico-SDK/pico-sdk/src/rp2_common/pico_stdio_usb/stdio_usb_descriptors.c.obj
                0x10006a2c                tud_descriptor_string_cb
 .text.startup._retrieve_unique_id_on_boot
                0x10006aa0       0x10 CMakeFiles/main__.dir/C_/Microcontroller/pico-SDK/pico-sdk/src/rp2_common/pico_unique_id/unique_id.c.obj
 .text.pico_get_unique_board_id_string
                0x10006ab0      0x1a8 CMakeFiles/main__.dir/C_/Microcontroller/pico-SDK/pico-sdk/src/rp2_common/pico_unique_id/unique_id.c.obj
                0x10006ab0                pico_get_unique_board_id_string
 .text.flash_get_unique_id
                0x10006c58       0x40 CMakeFiles/main__.dir/C_/Microcontroller/pico-SDK/pico-sdk/src/rp2_common/hardware_flash/flash.c.obj
                0x10006c58                flash_get_unique_id
 .text.dcd_int_enable
                0x10006c98        0xc CMakeFiles/main__.dir/C_/Microcontroller/pico-SDK/pico-sdk/lib/tinyusb/src/portable/raspberrypi/rp2040/dcd_rp2040.c.obj
                0x10006c98                dcd_int_enable
 .text.dcd_set_address
                0x10006ca4       0x14 CMakeFiles/main__.dir/C_/Microcontroller/pico-SDK/pico-sdk/lib/tinyusb/src/portable/raspberrypi/rp2040/dcd_rp2040.c.obj
                0x10006ca4                dcd_set_address
 .text.dcd_connect
                0x10006cb8       0x10 CMakeFiles/main__.dir/C_/Microcontroller/pico-SDK/pico-sdk/lib/tinyusb/src/portable/raspberrypi/rp2040/dcd_rp2040.c.obj
                0x10006cb8                dcd_connect
 .text.dcd_init
                0x10006cc8       0x98 CMakeFiles/main__.dir/C_/Microcontroller/pico-SDK/pico-sdk/lib/tinyusb/src/portable/raspberrypi/rp2040/dcd_rp2040.c.obj
                0x10006cc8                dcd_init
 .text.dcd_edpt0_status_complete
                0x10006d60       0x1c CMakeFiles/main__.dir/C_/Microcontroller/pico-SDK/pico-sdk/lib/tinyusb/src/portable/raspberrypi/rp2040/dcd_rp2040.c.obj
                0x10006d60                dcd_edpt0_status_complete
 .text.dcd_edpt_open
                0x10006d7c      0x108 CMakeFiles/main__.dir/C_/Microcontroller/pico-SDK/pico-sdk/lib/tinyusb/src/portable/raspberrypi/rp2040/dcd_rp2040.c.obj
                0x10006d7c                dcd_edpt_open
 .text.dcd_edpt_close_all
                0x10006e84        0x8 CMakeFiles/main__.dir/C_/Microcontroller/pico-SDK/pico-sdk/lib/tinyusb/src/portable/raspberrypi/rp2040/dcd_rp2040.c.obj
                0x10006e84                dcd_edpt_close_all
 .text.dcd_edpt_xfer
                0x10006e8c       0x24 CMakeFiles/main__.dir/C_/Microcontroller/pico-SDK/pico-sdk/lib/tinyusb/src/portable/raspberrypi/rp2040/dcd_rp2040.c.obj
                0x10006e8c                dcd_edpt_xfer
 .text.dcd_edpt_stall
                0x10006eb0       0x38 CMakeFiles/main__.dir/C_/Microcontroller/pico-SDK/pico-sdk/lib/tinyusb/src/portable/raspberrypi/rp2040/dcd_rp2040.c.obj
                0x10006eb0                dcd_edpt_stall
 .text.dcd_edpt_clear_stall
                0x10006ee8       0x30 CMakeFiles/main__.dir/C_/Microcontroller/pico-SDK/pico-sdk/lib/tinyusb/src/portable/raspberrypi/rp2040/dcd_rp2040.c.obj
                0x10006ee8                dcd_edpt_clear_stall
 .text.rp2040_usb_init
                0x10006f18       0x4c CMakeFiles/main__.dir/C_/Microcontroller/pico-SDK/pico-sdk/lib/tinyusb/src/portable/raspberrypi/rp2040/rp2040_usb.c.obj
                0x10006f18                rp2040_usb_init
 .text.hw_endpoint_xfer_start
                0x10006f64       0x50 CMakeFiles/main__.dir/C_/Microcontroller/pico-SDK/pico-sdk/lib/tinyusb/src/portable/raspberrypi/rp2040/rp2040_usb.c.obj
                0x10006f64                hw_endpoint_xfer_start
 .text.tud_mounted
                0x10006fb4       0x10 CMakeFiles/main__.dir/C_/Microcontroller/pico-SDK/pico-sdk/lib/tinyusb/src/device/usbd.c.obj
                0x10006fb4                tud_mounted
 .text.tud_suspended
                0x10006fc4       0x10 CMakeFiles/main__.dir/C_/Microcontroller/pico-SDK/pico-sdk/lib/tinyusb/src/device/usbd.c.obj
                0x10006fc4                tud_suspended
 .text.tud_inited
                0x10006fd4       0x14 CMakeFiles/main__.dir/C_/Microcontroller/pico-SDK/pico-sdk/lib/tinyusb/src/device/usbd.c.obj
                0x10006fd4                tud_inited
 .text.tud_init
                0x10006fe8       0xe4 CMakeFiles/main__.dir/C_/Microcontroller/pico-SDK/pico-sdk/lib/tinyusb/src/device/usbd.c.obj
                0x10006fe8                tud_init
 .text.tud_task_ext
                0x100070cc      0x854 CMakeFiles/main__.dir/C_/Microcontroller/pico-SDK/pico-sdk/lib/tinyusb/src/device/usbd.c.obj
                0x100070cc                tud_task_ext
 .text.usbd_open_edpt_pair
                0x10007920       0x9c CMakeFiles/main__.dir/C_/Microcontroller/pico-SDK/pico-sdk/lib/tinyusb/src/device/usbd.c.obj
                0x10007920                usbd_open_edpt_pair
 .text.usbd_defer_func
                0x100079bc       0x48 CMakeFiles/main__.dir/C_/Microcontroller/pico-SDK/pico-sdk/lib/tinyusb/src/device/usbd.c.obj
                0x100079bc                usbd_defer_func
 .text.usbd_edpt_open
                0x10007a04       0x34 CMakeFiles/main__.dir/C_/Microcontroller/pico-SDK/pico-sdk/lib/tinyusb/src/device/usbd.c.obj
                0x10007a04                usbd_edpt_open
 .text.usbd_edpt_claim
                0x10007a38       0x28 CMakeFiles/main__.dir/C_/Microcontroller/pico-SDK/pico-sdk/lib/tinyusb/src/device/usbd.c.obj
                0x10007a38                usbd_edpt_claim
 .text.usbd_edpt_release
                0x10007a60       0x28 CMakeFiles/main__.dir/C_/Microcontroller/pico-SDK/pico-sdk/lib/tinyusb/src/device/usbd.c.obj
                0x10007a60                usbd_edpt_release
 .text.usbd_edpt_xfer
                0x10007a88       0x4c CMakeFiles/main__.dir/C_/Microcontroller/pico-SDK/pico-sdk/lib/tinyusb/src/device/usbd.c.obj
                0x10007a88                usbd_edpt_xfer
 .text.tud_control_status
                0x10007ad4       0x30 CMakeFiles/main__.dir/C_/Microcontroller/pico-SDK/pico-sdk/lib/tinyusb/src/device/usbd_control.c.obj
                0x10007ad4                tud_control_status
 .text.tud_control_xfer
                0x10007b04       0xbc CMakeFiles/main__.dir/C_/Microcontroller/pico-SDK/pico-sdk/lib/tinyusb/src/device/usbd_control.c.obj
                0x10007b04                tud_control_xfer
 .text.usbd_control_reset
                0x10007bc0       0x14 CMakeFiles/main__.dir/C_/Microcontroller/pico-SDK/pico-sdk/lib/tinyusb/src/device/usbd_control.c.obj
                0x10007bc0                usbd_control_reset
 .text.usbd_control_set_complete_callback
                0x10007bd4        0xc CMakeFiles/main__.dir/C_/Microcontroller/pico-SDK/pico-sdk/lib/tinyusb/src/device/usbd_control.c.obj
                0x10007bd4                usbd_control_set_complete_callback
 .text.usbd_control_set_request
                0x10007be0       0x1c CMakeFiles/main__.dir/C_/Microcontroller/pico-SDK/pico-sdk/lib/tinyusb/src/device/usbd_control.c.obj
                0x10007be0                usbd_control_set_request
 .text.usbd_control_xfer_cb
                0x10007bfc       0xfc CMakeFiles/main__.dir/C_/Microcontroller/pico-SDK/pico-sdk/lib/tinyusb/src/device/usbd_control.c.obj
                0x10007bfc                usbd_control_xfer_cb
 .text.tud_cdc_n_connected
                0x10007cf8       0x30 CMakeFiles/main__.dir/C_/Microcontroller/pico-SDK/pico-sdk/lib/tinyusb/src/class/cdc/cdc_device.c.obj
                0x10007cf8                tud_cdc_n_connected
 .text.tud_cdc_n_available
                0x10007d28       0x18 CMakeFiles/main__.dir/C_/Microcontroller/pico-SDK/pico-sdk/lib/tinyusb/src/class/cdc/cdc_device.c.obj
                0x10007d28                tud_cdc_n_available
 .text.tud_cdc_n_read
                0x10007d40       0x70 CMakeFiles/main__.dir/C_/Microcontroller/pico-SDK/pico-sdk/lib/tinyusb/src/class/cdc/cdc_device.c.obj
                0x10007d40                tud_cdc_n_read
 .text.tud_cdc_n_write_flush
                0x10007db0       0x78 CMakeFiles/main__.dir/C_/Microcontroller/pico-SDK/pico-sdk/lib/tinyusb/src/class/cdc/cdc_device.c.obj
                0x10007db0                tud_cdc_n_write_flush
 .text.tud_cdc_n_write
                0x10007e28       0x34 CMakeFiles/main__.dir/C_/Microcontroller/pico-SDK/pico-sdk/lib/tinyusb/src/class/cdc/cdc_device.c.obj
                0x10007e28                tud_cdc_n_write
 .text.tud_cdc_n_write_available
                0x10007e5c       0x18 CMakeFiles/main__.dir/C_/Microcontroller/pico-SDK/pico-sdk/lib/tinyusb/src/class/cdc/cdc_device.c.obj
                0x10007e5c                tud_cdc_n_write_available
 .text.cdcd_init
                0x10007e74       0x7c CMakeFiles/main__.dir/C_/Microcontroller/pico-SDK/pico-sdk/lib/tinyusb/src/class/cdc/cdc_device.c.obj
                0x10007e74                cdcd_init
 .text.cdcd_reset
                0x10007ef0       0x2c CMakeFiles/main__.dir/C_/Microcontroller/pico-SDK/pico-sdk/lib/tinyusb/src/class/cdc/cdc_device.c.obj
                0x10007ef0                cdcd_reset
 .text.cdcd_open
                0x10007f1c       0xe8 CMakeFiles/main__.dir/C_/Microcontroller/pico-SDK/pico-sdk/lib/tinyusb/src/class/cdc/cdc_device.c.obj
                0x10007f1c                cdcd_open
 .text.cdcd_control_xfer_cb
                0x10008004       0xe4 CMakeFiles/main__.dir/C_/Microcontroller/pico-SDK/pico-sdk/lib/tinyusb/src/class/cdc/cdc_device.c.obj
                0x10008004                cdcd_control_xfer_cb
 .text.cdcd_xfer_cb
                0x100080e8      0x148 CMakeFiles/main__.dir/C_/Microcontroller/pico-SDK/pico-sdk/lib/tinyusb/src/class/cdc/cdc_device.c.obj
                0x100080e8                cdcd_xfer_cb
 .text.tusb_init
                0x10008230        0xc CMakeFiles/main__.dir/C_/Microcontroller/pico-SDK/pico-sdk/lib/tinyusb/src/tusb.c.obj
                0x10008230                tusb_init
 .text.tusb_inited
                0x1000823c        0x8 CMakeFiles/main__.dir/C_/Microcontroller/pico-SDK/pico-sdk/lib/tinyusb/src/tusb.c.obj
                0x1000823c                tusb_inited
 .text.tu_edpt_claim
                0x10008244       0x50 CMakeFiles/main__.dir/C_/Microcontroller/pico-SDK/pico-sdk/lib/tinyusb/src/tusb.c.obj
                0x10008244                tu_edpt_claim
 .text.tu_edpt_release
                0x10008294       0x38 CMakeFiles/main__.dir/C_/Microcontroller/pico-SDK/pico-sdk/lib/tinyusb/src/tusb.c.obj
                0x10008294                tu_edpt_release
 .text.tu_edpt_validate
                0x100082cc       0x78 CMakeFiles/main__.dir/C_/Microcontroller/pico-SDK/pico-sdk/lib/tinyusb/src/tusb.c.obj
                0x100082cc                tu_edpt_validate
 .text.tu_edpt_bind_driver
                0x10008344       0x34 CMakeFiles/main__.dir/C_/Microcontroller/pico-SDK/pico-sdk/lib/tinyusb/src/tusb.c.obj
                0x10008344                tu_edpt_bind_driver
 .text.tu_fifo_config
                0x10008378       0x70 CMakeFiles/main__.dir/C_/Microcontroller/pico-SDK/pico-sdk/lib/tinyusb/src/common/tusb_fifo.c.obj
                0x10008378                tu_fifo_config
 .text.tu_fifo_count
                0x100083e8       0x2c CMakeFiles/main__.dir/C_/Microcontroller/pico-SDK/pico-sdk/lib/tinyusb/src/common/tusb_fifo.c.obj
                0x100083e8                tu_fifo_count
 .text.tu_fifo_empty
                0x10008414       0x10 CMakeFiles/main__.dir/C_/Microcontroller/pico-SDK/pico-sdk/lib/tinyusb/src/common/tusb_fifo.c.obj
                0x10008414                tu_fifo_empty
 .text.tu_fifo_remaining
                0x10008424       0x2c CMakeFiles/main__.dir/C_/Microcontroller/pico-SDK/pico-sdk/lib/tinyusb/src/common/tusb_fifo.c.obj
                0x10008424                tu_fifo_remaining
 .text.tu_fifo_read
                0x10008450       0xa0 CMakeFiles/main__.dir/C_/Microcontroller/pico-SDK/pico-sdk/lib/tinyusb/src/common/tusb_fifo.c.obj
                0x10008450                tu_fifo_read
 .text.tu_fifo_read_n
                0x100084f0       0xec CMakeFiles/main__.dir/C_/Microcontroller/pico-SDK/pico-sdk/lib/tinyusb/src/common/tusb_fifo.c.obj
                0x100084f0                tu_fifo_read_n
 .text.tu_fifo_write
                0x100085dc       0x88 CMakeFiles/main__.dir/C_/Microcontroller/pico-SDK/pico-sdk/lib/tinyusb/src/common/tusb_fifo.c.obj
                0x100085dc                tu_fifo_write
 .text.tu_fifo_write_n
                0x10008664      0x168 CMakeFiles/main__.dir/C_/Microcontroller/pico-SDK/pico-sdk/lib/tinyusb/src/common/tusb_fifo.c.obj
                0x10008664                tu_fifo_write_n
 .text.tu_fifo_clear
                0x100087cc       0x40 CMakeFiles/main__.dir/C_/Microcontroller/pico-SDK/pico-sdk/lib/tinyusb/src/common/tusb_fifo.c.obj
                0x100087cc                tu_fifo_clear
 .text.tu_fifo_set_overwritable
                0x1000880c       0x48 CMakeFiles/main__.dir/C_/Microcontroller/pico-SDK/pico-sdk/lib/tinyusb/src/common/tusb_fifo.c.obj
                0x1000880c                tu_fifo_set_overwritable
 .text.abort    0x10008854       0x10 c:/progra~2/gnuarm~1/102021~1.10/bin/../lib/gcc/arm-none-eabi/10.3.1/../../../../arm-none-eabi/lib/thumb/v6-m/nofp\libc.a(lib_a-abort.o)
                0x10008854                abort
 .text.raise    0x10008864       0x60 c:/progra~2/gnuarm~1/102021~1.10/bin/../lib/gcc/arm-none-eabi/10.3.1/../../../../arm-none-eabi/lib/thumb/v6-m/nofp\libc.a(lib_a-signal.o)
                0x10008864                raise
 .text._kill_r  0x100088c4       0x28 c:/progra~2/gnuarm~1/102021~1.10/bin/../lib/gcc/arm-none-eabi/10.3.1/../../../../arm-none-eabi/lib/thumb/v6-m/nofp\libc.a(lib_a-signalr.o)
                0x100088c4                _kill_r
 .text._getpid_r
                0x100088ec        0x8 c:/progra~2/gnuarm~1/102021~1.10/bin/../lib/gcc/arm-none-eabi/10.3.1/../../../../arm-none-eabi/lib/thumb/v6-m/nofp\libc.a(lib_a-signalr.o)
                0x100088ec                _getpid_r
 .text.strlen   0x100088f4       0x5c c:/progra~2/gnuarm~1/102021~1.10/bin/../lib/gcc/arm-none-eabi/10.3.1/../../../../arm-none-eabi/lib/thumb/v6-m/nofp\libc.a(lib_a-strlen-stub.o)
                0x100088f4                strlen
 *(.fini)
 .fini          0x10008950        0x4 c:/progra~2/gnuarm~1/102021~1.10/bin/../lib/gcc/arm-none-eabi/10.3.1/thumb/v6-m/nofp/crti.o
                0x10008950                _fini
 *fill*         0x10008954        0x4 
 .fini.__stub   0x10008958       0xd0 linker stubs
 *crtbegin.o(.ctors)
 *crtbegin?.o(.ctors)
 *(EXCLUDE_FILE(*crtend.o *crtend?.o) .ctors)
 *(SORT_BY_NAME(.ctors.*))
 *(.ctors)
 *crtbegin.o(.dtors)
 *crtbegin?.o(.dtors)
 *(EXCLUDE_FILE(*crtend.o *crtend?.o) .dtors)
 *(SORT_BY_NAME(.dtors.*))
 *(.dtors)
 *(.eh_frame*)
 .eh_frame      0x10008a28        0x0 c:/progra~2/gnuarm~1/102021~1.10/bin/../lib/gcc/arm-none-eabi/10.3.1/thumb/v6-m/nofp/crtbegin.o
                0x10008a28                . = ALIGN (0x4)

.glue_7         0x10008a28        0x0
 .glue_7        0x10008a28        0x0 linker stubs

.glue_7t        0x10008a28        0x0
 .glue_7t       0x10008a28        0x0 linker stubs

.vfp11_veneer   0x10008a28        0x0
 .vfp11_veneer  0x10008a28        0x0 linker stubs

.v4_bx          0x10008a28        0x0
 .v4_bx         0x10008a28        0x0 linker stubs

.iplt           0x10008a28        0x0
 .iplt          0x10008a28        0x0 c:/progra~2/gnuarm~1/102021~1.10/bin/../lib/gcc/arm-none-eabi/10.3.1/thumb/v6-m/nofp/crtbegin.o

.rodata         0x10008a28      0x2e0
 *(EXCLUDE_FILE(*libm.a: *libc.a:*lib_a-mem*.o *libgcc.a:) .rodata*)
 .rodata.spin_lock_claim_unused.str1.4
                0x10008a28       0x1b CMakeFiles/main__.dir/C_/Microcontroller/pico-SDK/pico-sdk/src/rp2_common/hardware_sync/sync.c.obj
 *fill*         0x10008a43        0x1 
 .rodata.user_irq_claim_unused.str1.4
                0x10008a44       0x1b CMakeFiles/main__.dir/C_/Microcontroller/pico-SDK/pico-sdk/src/rp2_common/hardware_irq/irq.c.obj
 *fill*         0x10008a5f        0x1 
 .rodata.hardware_alarm_claim.str1.4
                0x10008a60       0x22 CMakeFiles/main__.dir/C_/Microcontroller/pico-SDK/pico-sdk/src/rp2_common/hardware_timer/timer.c.obj
 *fill*         0x10008a82        0x2 
 .rodata.panic.str1.4
                0x10008a84       0x12 CMakeFiles/main__.dir/C_/Microcontroller/pico-SDK/pico-sdk/src/rp2_common/pico_runtime/runtime.c.obj
 *fill*         0x10008a96        0x2 
 .rodata.hard_assertion_failure.str1.4
                0x10008a98        0xc CMakeFiles/main__.dir/C_/Microcontroller/pico-SDK/pico-sdk/src/rp2_common/pico_runtime/runtime.c.obj
 .rodata.str1.4
                0x10008aa4       0x40 CMakeFiles/main__.dir/C_/Microcontroller/pico-SDK/pico-sdk/src/rp2_common/pico_standard_link/binary_info.c.obj
 .rodata.__bi_44
                0x10008ae4        0xc CMakeFiles/main__.dir/C_/Microcontroller/pico-SDK/pico-sdk/src/rp2_common/pico_standard_link/binary_info.c.obj
 .rodata.__bi_56
                0x10008af0        0xc CMakeFiles/main__.dir/C_/Microcontroller/pico-SDK/pico-sdk/src/rp2_common/pico_standard_link/binary_info.c.obj
 .rodata.__bi_75
                0x10008afc        0xc CMakeFiles/main__.dir/C_/Microcontroller/pico-SDK/pico-sdk/src/rp2_common/pico_standard_link/binary_info.c.obj
 .rodata.__bi_81
                0x10008b08        0xc CMakeFiles/main__.dir/C_/Microcontroller/pico-SDK/pico-sdk/src/rp2_common/pico_standard_link/binary_info.c.obj
 .rodata.crlf_str.0
                0x10008b14        0x2 CMakeFiles/main__.dir/C_/Microcontroller/pico-SDK/pico-sdk/src/rp2_common/pico_stdio/stdio.c.obj
 *fill*         0x10008b16        0x2 
 .rodata._resetd_driver
                0x10008b18       0x18 CMakeFiles/main__.dir/C_/Microcontroller/pico-SDK/pico-sdk/src/rp2_common/pico_stdio_usb/reset_interface.c.obj
 .rodata.str1.4
                0x10008b30       0x13 CMakeFiles/main__.dir/C_/Microcontroller/pico-SDK/pico-sdk/src/rp2_common/pico_stdio_usb/stdio_usb.c.obj
 *fill*         0x10008b43        0x1 
 .rodata.__bi_188.0
                0x10008b44        0xc CMakeFiles/main__.dir/C_/Microcontroller/pico-SDK/pico-sdk/src/rp2_common/pico_stdio_usb/stdio_usb.c.obj
 .rodata.str1.4
                0x10008b50       0x2a CMakeFiles/main__.dir/C_/Microcontroller/pico-SDK/pico-sdk/src/rp2_common/pico_stdio_usb/stdio_usb_descriptors.c.obj
 *fill*         0x10008b7a        0x2 
 .rodata.usbd_desc_cfg
                0x10008b7c       0x54 CMakeFiles/main__.dir/C_/Microcontroller/pico-SDK/pico-sdk/src/rp2_common/pico_stdio_usb/stdio_usb_descriptors.c.obj
 .rodata.usbd_desc_device
                0x10008bd0       0x12 CMakeFiles/main__.dir/C_/Microcontroller/pico-SDK/pico-sdk/src/rp2_common/pico_stdio_usb/stdio_usb_descriptors.c.obj
 *fill*         0x10008be2        0x2 
 .rodata.usbd_desc_str
                0x10008be4       0x18 CMakeFiles/main__.dir/C_/Microcontroller/pico-SDK/pico-sdk/src/rp2_common/pico_stdio_usb/stdio_usb_descriptors.c.obj
 .rodata.str1.4
                0x10008bfc       0x14 CMakeFiles/main__.dir/C_/Microcontroller/pico-SDK/pico-sdk/lib/tinyusb/src/portable/raspberrypi/rp2040/dcd_rp2040.c.obj
 .rodata.str1.4
                0x10008c10       0x53 CMakeFiles/main__.dir/C_/Microcontroller/pico-SDK/pico-sdk/lib/tinyusb/src/portable/raspberrypi/rp2040/rp2040_usb.c.obj
 *fill*         0x10008c63        0x1 
 .rodata.tud_task_ext
                0x10008c64       0x8c CMakeFiles/main__.dir/C_/Microcontroller/pico-SDK/pico-sdk/lib/tinyusb/src/device/usbd.c.obj
 .rodata._usbd_driver
                0x10008cf0       0x18 CMakeFiles/main__.dir/C_/Microcontroller/pico-SDK/pico-sdk/lib/tinyusb/src/device/usbd.c.obj
                0x10008d08                . = ALIGN (0x4)
 *(SORT_BY_ALIGNMENT(SORT_BY_NAME(.flashdata*)))
                0x10008d08                . = ALIGN (0x4)

.ARM.extab      0x10008d08       0x3c
 *(.ARM.extab* .gnu.linkonce.armextab.*)
 .ARM.extab.text.startup.main
                0x10008d08        0xc CMakeFiles/main__.dir/main.cpp.obj
 .ARM.extab     0x10008d14       0x24 c:/progra~2/gnuarm~1/102021~1.10/bin/../lib/gcc/arm-none-eabi/10.3.1/thumb/v6-m/nofp\libgcc.a(unwind-arm.o)
 .ARM.extab     0x10008d38        0xc c:/progra~2/gnuarm~1/102021~1.10/bin/../lib/gcc/arm-none-eabi/10.3.1/thumb/v6-m/nofp\libgcc.a(pr-support.o)
                0x10008d44                __exidx_start = .

.ARM.exidx      0x10008d44       0xd0
 *(.ARM.exidx* .gnu.linkonce.armexidx.*)
 .ARM.exidx.text.startup.main
                0x10008d44       0x10 CMakeFiles/main__.dir/main.cpp.obj
                                  0x8 (size before relaxing)
 .ARM.exidx     0x10008d54       0x90 c:/progra~2/gnuarm~1/102021~1.10/bin/../lib/gcc/arm-none-eabi/10.3.1/thumb/v6-m/nofp\libgcc.a(unwind-arm.o)
                                 0xd8 (size before relaxing)
 .ARM.exidx     0x10008de4       0x30 c:/progra~2/gnuarm~1/102021~1.10/bin/../lib/gcc/arm-none-eabi/10.3.1/thumb/v6-m/nofp\libgcc.a(pr-support.o)
                                 0x38 (size before relaxing)
                0x10008e14                __exidx_end = .

.rel.dyn        0x10008e14        0x0
 .rel.iplt      0x10008e14        0x0 c:/progra~2/gnuarm~1/102021~1.10/bin/../lib/gcc/arm-none-eabi/10.3.1/thumb/v6-m/nofp/crtbegin.o
                0x10008e14                . = ALIGN (0x4)
                0x10008e14                __binary_info_start = .

.binary_info    0x10008e14       0x24
 *(.binary_info.keep.*)
 .binary_info.keep.__bi_ptr22
                0x10008e14        0x4 CMakeFiles/main__.dir/C_/Microcontroller/pico-SDK/pico-sdk/src/rp2_common/pico_standard_link/binary_info.c.obj
 .binary_info.keep.__bi_ptr30
                0x10008e18        0x4 CMakeFiles/main__.dir/C_/Microcontroller/pico-SDK/pico-sdk/src/rp2_common/pico_standard_link/binary_info.c.obj
 .binary_info.keep.__bi_ptr38
                0x10008e1c        0x4 CMakeFiles/main__.dir/C_/Microcontroller/pico-SDK/pico-sdk/src/rp2_common/pico_standard_link/binary_info.c.obj
 .binary_info.keep.__bi_ptr44
                0x10008e20        0x4 CMakeFiles/main__.dir/C_/Microcontroller/pico-SDK/pico-sdk/src/rp2_common/pico_standard_link/binary_info.c.obj
 .binary_info.keep.__bi_ptr50
                0x10008e24        0x4 CMakeFiles/main__.dir/C_/Microcontroller/pico-SDK/pico-sdk/src/rp2_common/pico_standard_link/binary_info.c.obj
 .binary_info.keep.__bi_ptr56
                0x10008e28        0x4 CMakeFiles/main__.dir/C_/Microcontroller/pico-SDK/pico-sdk/src/rp2_common/pico_standard_link/binary_info.c.obj
 .binary_info.keep.__bi_ptr75
                0x10008e2c        0x4 CMakeFiles/main__.dir/C_/Microcontroller/pico-SDK/pico-sdk/src/rp2_common/pico_standard_link/binary_info.c.obj
 .binary_info.keep.__bi_ptr81
                0x10008e30        0x4 CMakeFiles/main__.dir/C_/Microcontroller/pico-SDK/pico-sdk/src/rp2_common/pico_standard_link/binary_info.c.obj
 *(.binary_info.*)
 .binary_info.__bi_ptr188
                0x10008e34        0x4 CMakeFiles/main__.dir/C_/Microcontroller/pico-SDK/pico-sdk/src/rp2_common/pico_stdio_usb/stdio_usb.c.obj
                0x10008e38                __binary_info_end = .
                0x10008e38                . = ALIGN (0x4)
                0x10008e38                __etext = .

.ram_vector_table
                0x20000000       0xc0
 *(.ram_vector_table)
 .ram_vector_table
                0x20000000       0xc0 CMakeFiles/main__.dir/C_/Microcontroller/pico-SDK/pico-sdk/src/rp2_common/pico_runtime/runtime.c.obj
                0x20000000                ram_vector_table

.data           0x200000c0     0x2190 load address 0x10008e38
                0x200000c0                __data_start__ = .
 *(vtable)
 *(.time_critical*)
 .time_critical.mutex_try_enter
                0x200000c0       0x44 CMakeFiles/main__.dir/C_/Microcontroller/pico-SDK/pico-sdk/src/common/pico_sync/mutex.c.obj
                0x200000c0                mutex_try_enter
 .time_critical.mutex_try_enter_block_until
                0x20000104       0x9c CMakeFiles/main__.dir/C_/Microcontroller/pico-SDK/pico-sdk/src/common/pico_sync/mutex.c.obj
                0x20000104                mutex_try_enter_block_until
 .time_critical.mutex_enter_timeout_ms
                0x200001a0       0x90 CMakeFiles/main__.dir/C_/Microcontroller/pico-SDK/pico-sdk/src/common/pico_sync/mutex.c.obj
                0x200001a0                mutex_enter_timeout_ms
 .time_critical.mutex_exit
                0x20000230       0x28 CMakeFiles/main__.dir/C_/Microcontroller/pico-SDK/pico-sdk/src/common/pico_sync/mutex.c.obj
                0x20000230                mutex_exit
 .time_critical.flash_init_boot2_copyout
                0x20000258       0x30 CMakeFiles/main__.dir/C_/Microcontroller/pico-SDK/pico-sdk/src/rp2_common/hardware_flash/flash.c.obj
 .time_critical.flash_enable_xip_via_boot2
                0x20000288       0x10 CMakeFiles/main__.dir/C_/Microcontroller/pico-SDK/pico-sdk/src/rp2_common/hardware_flash/flash.c.obj
 .time_critical.flash_cs_force
                0x20000298       0x38 CMakeFiles/main__.dir/C_/Microcontroller/pico-SDK/pico-sdk/src/rp2_common/hardware_flash/flash.c.obj
 .time_critical.flash_do_cmd
                0x200002d0       0xc4 CMakeFiles/main__.dir/C_/Microcontroller/pico-SDK/pico-sdk/src/rp2_common/hardware_flash/flash.c.obj
                0x200002d0                flash_do_cmd
 .time_critical.reset_non_control_endpoints
                0x20000394       0xbc CMakeFiles/main__.dir/C_/Microcontroller/pico-SDK/pico-sdk/lib/tinyusb/src/portable/raspberrypi/rp2040/dcd_rp2040.c.obj
 .time_critical.hw_handle_buff_status
                0x20000450       0xa8 CMakeFiles/main__.dir/C_/Microcontroller/pico-SDK/pico-sdk/lib/tinyusb/src/portable/raspberrypi/rp2040/dcd_rp2040.c.obj
 .time_critical.dcd_rp2040_irq
                0x200004f8      0x4d8 CMakeFiles/main__.dir/C_/Microcontroller/pico-SDK/pico-sdk/lib/tinyusb/src/portable/raspberrypi/rp2040/dcd_rp2040.c.obj
 .time_critical.e15_is_bulkin_ep
                0x200009d0       0x28 CMakeFiles/main__.dir/C_/Microcontroller/pico-SDK/pico-sdk/lib/tinyusb/src/portable/raspberrypi/rp2040/rp2040_usb.c.obj
 .time_critical.e15_is_critical_frame_period
                0x200009f8       0x34 CMakeFiles/main__.dir/C_/Microcontroller/pico-SDK/pico-sdk/lib/tinyusb/src/portable/raspberrypi/rp2040/rp2040_usb.c.obj
 .time_critical.prepare_ep_buffer
                0x20000a2c       0x70 CMakeFiles/main__.dir/C_/Microcontroller/pico-SDK/pico-sdk/lib/tinyusb/src/portable/raspberrypi/rp2040/rp2040_usb.c.obj
 .time_critical.sync_ep_buffer
                0x20000a9c       0x4c CMakeFiles/main__.dir/C_/Microcontroller/pico-SDK/pico-sdk/lib/tinyusb/src/portable/raspberrypi/rp2040/rp2040_usb.c.obj
 .time_critical._hw_endpoint_xfer_sync
                0x20000ae8       0x28 CMakeFiles/main__.dir/C_/Microcontroller/pico-SDK/pico-sdk/lib/tinyusb/src/portable/raspberrypi/rp2040/rp2040_usb.c.obj
 .time_critical.hw_endpoint_reset_transfer
                0x20000b10        0xc CMakeFiles/main__.dir/C_/Microcontroller/pico-SDK/pico-sdk/lib/tinyusb/src/portable/raspberrypi/rp2040/rp2040_usb.c.obj
                0x20000b10                hw_endpoint_reset_transfer
 .time_critical._hw_endpoint_buffer_control_update32
                0x20000b1c       0x58 CMakeFiles/main__.dir/C_/Microcontroller/pico-SDK/pico-sdk/lib/tinyusb/src/portable/raspberrypi/rp2040/rp2040_usb.c.obj
                0x20000b1c                _hw_endpoint_buffer_control_update32
 .time_critical.hw_endpoint_start_next_buffer
                0x20000b74       0x6c CMakeFiles/main__.dir/C_/Microcontroller/pico-SDK/pico-sdk/lib/tinyusb/src/portable/raspberrypi/rp2040/rp2040_usb.c.obj
                0x20000b74                hw_endpoint_start_next_buffer
 .time_critical.hw_endpoint_xfer_continue
                0x20000be0       0x50 CMakeFiles/main__.dir/C_/Microcontroller/pico-SDK/pico-sdk/lib/tinyusb/src/portable/raspberrypi/rp2040/rp2040_usb.c.obj
                0x20000be0                hw_endpoint_xfer_continue
 .time_critical.tinyusb
                0x20000c30      0x170 CMakeFiles/main__.dir/C_/Microcontroller/pico-SDK/pico-sdk/lib/tinyusb/src/device/usbd.c.obj
                0x20000c30                dcd_event_handler
 *(.text*)
 .text          0x20000da0        0x4 c:/progra~2/gnuarm~1/102021~1.10/bin/../lib/gcc/arm-none-eabi/10.3.1/thumb/v6-m/nofp\libgcc.a(_dvmd_tls.o)
                0x20000da0                __aeabi_idiv0
                0x20000da0                __aeabi_ldiv0
 .text          0x20000da4      0xa30 c:/progra~2/gnuarm~1/102021~1.10/bin/../lib/gcc/arm-none-eabi/10.3.1/thumb/v6-m/nofp\libgcc.a(unwind-arm.o)
                0x20001070                _Unwind_GetCFA
                0x20001074                __gnu_Unwind_RaiseException
                0x200010c8                __gnu_Unwind_ForcedUnwind
                0x200010dc                __gnu_Unwind_Resume
                0x20001124                __gnu_Unwind_Resume_or_Rethrow
                0x20001140                _Unwind_Complete
                0x20001144                _Unwind_DeleteException
                0x20001154                _Unwind_VRS_Get
                0x200011a0                _Unwind_VRS_Set
                0x200011ec                __gnu_Unwind_Backtrace
                0x20001548                __aeabi_unwind_cpp_pr0
                0x20001554                __aeabi_unwind_cpp_pr1
                0x20001560                __aeabi_unwind_cpp_pr2
                0x2000156c                _Unwind_VRS_Pop
 .text          0x200017d4      0x144 c:/progra~2/gnuarm~1/102021~1.10/bin/../lib/gcc/arm-none-eabi/10.3.1/thumb/v6-m/nofp\libgcc.a(libunwind.o)
                0x200017d4                __restore_core_regs
                0x200017d4                restore_core_regs
                0x20001800                __gnu_Unwind_Restore_VFP
                0x20001804                __gnu_Unwind_Save_VFP
                0x20001808                __gnu_Unwind_Restore_VFP_D
                0x2000180c                __gnu_Unwind_Save_VFP_D
                0x20001810                __gnu_Unwind_Restore_VFP_D_16_to_31
                0x20001814                __gnu_Unwind_Save_VFP_D_16_to_31
                0x20001818                __gnu_Unwind_Restore_WMMXD
                0x2000181c                __gnu_Unwind_Save_WMMXD
                0x20001820                __gnu_Unwind_Restore_WMMXC
                0x20001824                __gnu_Unwind_Save_WMMXC
                0x20001828                ___Unwind_RaiseException
                0x20001828                _Unwind_RaiseException
                0x20001858                _Unwind_Resume
                0x20001858                ___Unwind_Resume
                0x20001888                _Unwind_Resume_or_Rethrow
                0x20001888                ___Unwind_Resume_or_Rethrow
                0x200018b8                _Unwind_ForcedUnwind
                0x200018b8                ___Unwind_ForcedUnwind
                0x200018e8                ___Unwind_Backtrace
                0x200018e8                _Unwind_Backtrace
 .text          0x20001918      0x38c c:/progra~2/gnuarm~1/102021~1.10/bin/../lib/gcc/arm-none-eabi/10.3.1/thumb/v6-m/nofp\libgcc.a(pr-support.o)
                0x2000196c                __gnu_unwind_execute
                0x20001c5c                __gnu_unwind_frame
                0x20001c84                _Unwind_GetRegionStart
                0x20001c90                _Unwind_GetLanguageSpecificData
 *fill*         0x20001ca4        0x4 
 .text.__stub   0x20001ca8       0x80 linker stubs
                0x20001d28                . = ALIGN (0x4)
 *(.rodata*)
                0x20001d28                . = ALIGN (0x4)
 *(.data*)
 .data.striped_spin_lock_num
                0x20001d28        0x1 CMakeFiles/main__.dir/C_/Microcontroller/pico-SDK/pico-sdk/src/rp2_common/hardware_sync/sync.c.obj
 *fill*         0x20001d29        0x3 
 .data          0x20001d2c       0x48 CMakeFiles/main__.dir/C_/Microcontroller/pico-SDK/pico-sdk/src/rp2_common/hardware_irq/irq_handler_chain.S.obj
                0x20001d2c                irq_handler_chain_slots
                0x20001d5c                irq_handler_chain_first_slot
                0x20001d66                irq_handler_chain_remove_tail
 .data.default_alarm_pool
                0x20001d74       0x18 CMakeFiles/main__.dir/C_/Microcontroller/pico-SDK/pico-sdk/src/common/pico_time/time.c.obj
 .data.default_alarm_pool_heap
                0x20001d8c       0x10 CMakeFiles/main__.dir/C_/Microcontroller/pico-SDK/pico-sdk/src/common/pico_time/time.c.obj
 *fill*         0x20001d9c        0x4 
 .data.aeabi_bits_funcs
                0x20001da0       0x10 CMakeFiles/main__.dir/C_/Microcontroller/pico-SDK/pico-sdk/src/rp2_common/pico_bit_ops/bit_ops_aeabi.S.obj
                0x20001da0                aeabi_bits_funcs
                0x20001db0                aeabi_bits_funcs_end
 .data.aeabi_mem_funcs
                0x20001db0       0x10 CMakeFiles/main__.dir/C_/Microcontroller/pico-SDK/pico-sdk/src/rp2_common/pico_mem_ops/mem_ops_aeabi.S.obj
                0x20001db0                aeabi_mem_funcs
                0x20001dc0                aeabi_mem_funcs_end
 .data.stdio_usb
                0x20001dc0       0x18 CMakeFiles/main__.dir/C_/Microcontroller/pico-SDK/pico-sdk/src/rp2_common/pico_stdio_usb/stdio_usb.c.obj
                0x20001dc0                stdio_usb
 .data.ep_dir_string
                0x20001dd8        0x8 CMakeFiles/main__.dir/C_/Microcontroller/pico-SDK/pico-sdk/lib/tinyusb/src/portable/raspberrypi/rp2040/rp2040_usb.c.obj
                0x20001dd8                ep_dir_string
 .data._usbd_qdef
                0x20001de0       0x1c CMakeFiles/main__.dir/C_/Microcontroller/pico-SDK/pico-sdk/lib/tinyusb/src/device/usbd.c.obj
                0x20001de0                _usbd_qdef
 .data._usbd_rhport
                0x20001dfc        0x1 CMakeFiles/main__.dir/C_/Microcontroller/pico-SDK/pico-sdk/lib/tinyusb/src/device/usbd.c.obj
 *fill*         0x20001dfd        0x3 
 .data._impure_ptr
                0x20001e00        0x4 c:/progra~2/gnuarm~1/102021~1.10/bin/../lib/gcc/arm-none-eabi/10.3.1/../../../../arm-none-eabi/lib/thumb/v6-m/nofp\libc.a(lib_a-impure.o)
                0x20001e00                _impure_ptr
 *fill*         0x20001e04        0x4 
 .data.impure_data
                0x20001e08      0x428 c:/progra~2/gnuarm~1/102021~1.10/bin/../lib/gcc/arm-none-eabi/10.3.1/../../../../arm-none-eabi/lib/thumb/v6-m/nofp\libc.a(lib_a-impure.o)
                0x20002230                . = ALIGN (0x4)
 *(.after_data.*)
                0x20002230                . = ALIGN (0x4)
                0x20002230                PROVIDE (__mutex_array_start = .)
 *(SORT_BY_NAME(.mutex_array.*))
 *(.mutex_array)
 .mutex_array   0x20002230        0x8 CMakeFiles/main__.dir/C_/Microcontroller/pico-SDK/pico-sdk/src/rp2_common/pico_stdio/stdio.c.obj
                0x20002238                PROVIDE (__mutex_array_end = .)
                0x20002238                . = ALIGN (0x4)
                0x20002238                PROVIDE (__preinit_array_start = .)
 *(SORT_BY_NAME(.preinit_array.*))
 .preinit_array.00001
                0x20002238        0x4 CMakeFiles/main__.dir/C_/Microcontroller/pico-SDK/pico-sdk/src/rp2_common/pico_mem_ops/mem_ops_aeabi.S.obj
 .preinit_array.00010
                0x2000223c        0x4 CMakeFiles/main__.dir/C_/Microcontroller/pico-SDK/pico-sdk/src/rp2_common/pico_bit_ops/bit_ops_aeabi.S.obj
 .preinit_array.00020
                0x20002240        0x4 CMakeFiles/main__.dir/C_/Microcontroller/pico-SDK/pico-sdk/src/rp2_common/pico_double/double_aeabi.S.obj
 .preinit_array.00020
                0x20002244        0x4 CMakeFiles/main__.dir/C_/Microcontroller/pico-SDK/pico-sdk/src/rp2_common/pico_float/float_aeabi.S.obj
 *(.preinit_array)
                0x20002248                PROVIDE (__preinit_array_end = .)
                0x20002248                . = ALIGN (0x4)
                0x20002248                PROVIDE (__init_array_start = .)
 *(SORT_BY_NAME(.init_array.*))
 *(.init_array)
 .init_array    0x20002248        0x4 c:/progra~2/gnuarm~1/102021~1.10/bin/../lib/gcc/arm-none-eabi/10.3.1/thumb/v6-m/nofp/crtbegin.o
 .init_array    0x2000224c        0x4 CMakeFiles/main__.dir/C_/Microcontroller/pico-SDK/pico-sdk/src/rp2_common/pico_unique_id/unique_id.c.obj
                0x20002250                PROVIDE (__init_array_end = .)
                0x20002250                . = ALIGN (0x4)
                [!provide]                PROVIDE (__fini_array_start = .)
 *(SORT_BY_NAME(.fini_array.*))
 *(.fini_array)
                [!provide]                PROVIDE (__fini_array_end = .)
 *(.jcr)
                0x20002250                . = ALIGN (0x4)
                0x20002250                __data_end__ = .

.igot.plt       0x20002250        0x0 load address 0x1000afc8
 .igot.plt      0x20002250        0x0 c:/progra~2/gnuarm~1/102021~1.10/bin/../lib/gcc/arm-none-eabi/10.3.1/thumb/v6-m/nofp/crtbegin.o

.uninitialized_data
                0x20002250        0x0 load address 0x1000afc8
                0x20002250                . = ALIGN (0x4)
 *(.uninitialized_data*)

.scratch_x      0x20040000        0x0 load address 0x1000afc8
                0x20040000                __scratch_x_start__ = .
 *(.scratch_x.*)
                0x20040000                . = ALIGN (0x4)
                0x20040000                __scratch_x_end__ = .
                0x1000afc8                __scratch_x_source__ = LOADADDR (.scratch_x)

.scratch_y      0x20041000        0x0 load address 0x1000afc8
                0x20041000                __scratch_y_start__ = .
 *(.scratch_y.*)
                0x20041000                . = ALIGN (0x4)
                0x20041000                __scratch_y_end__ = .
                0x1000afc8                __scratch_y_source__ = LOADADDR (.scratch_y)

.bss            0x20002250      0xd8c
                0x20002250                . = ALIGN (0x4)
                0x20002250                __bss_start__ = .
 *(SORT_BY_ALIGNMENT(SORT_BY_NAME(.bss*)))
 .bss.default_alarm_pool_entries
                0x20002250      0x100 CMakeFiles/main__.dir/C_/Microcontroller/pico-SDK/pico-sdk/src/common/pico_time/time.c.obj
 .bss.last_avail_time.1
                0x20002350        0x8 CMakeFiles/main__.dir/C_/Microcontroller/pico-SDK/pico-sdk/src/rp2_common/pico_stdio_usb/stdio_usb.c.obj
 .bss.sd_table  0x20002358      0x100 CMakeFiles/main__.dir/C_/Microcontroller/pico-SDK/pico-sdk/src/rp2_common/pico_double/double_init_rom.c.obj
                0x20002358                sd_table
 .bss.sf_table  0x20002458      0x100 CMakeFiles/main__.dir/C_/Microcontroller/pico-SDK/pico-sdk/src/rp2_common/pico_float/float_init_rom.c.obj
                0x20002458                sf_table
 .bss           0x20002558       0x1c c:/progra~2/gnuarm~1/102021~1.10/bin/../lib/gcc/arm-none-eabi/10.3.1/thumb/v6-m/nofp/crtbegin.o
 .bss._app_driver
                0x20002574        0x4 CMakeFiles/main__.dir/C_/Microcontroller/pico-SDK/pico-sdk/lib/tinyusb/src/device/usbd.c.obj
 .bss._cdcd_itf
                0x20002578      0x2c8 CMakeFiles/main__.dir/C_/Microcontroller/pico-SDK/pico-sdk/lib/tinyusb/src/class/cdc/cdc_device.c.obj
 .bss._ctrl_xfer
                0x20002840       0x14 CMakeFiles/main__.dir/C_/Microcontroller/pico-SDK/pico-sdk/lib/tinyusb/src/device/usbd_control.c.obj
 .bss._ubsd_mutexdef
                0x20002854        0x8 CMakeFiles/main__.dir/C_/Microcontroller/pico-SDK/pico-sdk/lib/tinyusb/src/device/usbd.c.obj
 .bss._usbd_ctrl_buf
                0x2000285c       0x40 CMakeFiles/main__.dir/C_/Microcontroller/pico-SDK/pico-sdk/lib/tinyusb/src/device/usbd_control.c.obj
 .bss._usbd_dev
                0x2000289c       0x53 CMakeFiles/main__.dir/C_/Microcontroller/pico-SDK/pico-sdk/lib/tinyusb/src/device/usbd.c.obj
 *fill*         0x200028ef        0x1 
 .bss._usbd_mutex
                0x200028f0        0x4 CMakeFiles/main__.dir/C_/Microcontroller/pico-SDK/pico-sdk/lib/tinyusb/src/device/usbd.c.obj
 .bss._usbd_q   0x200028f4        0x4 CMakeFiles/main__.dir/C_/Microcontroller/pico-SDK/pico-sdk/lib/tinyusb/src/device/usbd.c.obj
 .bss._usbd_qdef_buf
                0x200028f8       0xc0 CMakeFiles/main__.dir/C_/Microcontroller/pico-SDK/pico-sdk/lib/tinyusb/src/device/usbd.c.obj
                0x200028f8                _usbd_qdef_buf
 .bss.alarm_callbacks
                0x200029b8       0x10 CMakeFiles/main__.dir/C_/Microcontroller/pico-SDK/pico-sdk/src/rp2_common/hardware_timer/timer.c.obj
 .bss.boot2_copyout
                0x200029c8      0x100 CMakeFiles/main__.dir/C_/Microcontroller/pico-SDK/pico-sdk/src/rp2_common/hardware_flash/flash.c.obj
 .bss.chars_available_callback
                0x20002ac8        0x4 CMakeFiles/main__.dir/C_/Microcontroller/pico-SDK/pico-sdk/src/rp2_common/pico_stdio_usb/stdio_usb.c.obj
 .bss.chars_available_param
                0x20002acc        0x4 CMakeFiles/main__.dir/C_/Microcontroller/pico-SDK/pico-sdk/src/rp2_common/pico_stdio_usb/stdio_usb.c.obj
 .bss.claimed   0x20002ad0        0x4 CMakeFiles/main__.dir/C_/Microcontroller/pico-SDK/pico-sdk/src/rp2_common/hardware_sync/sync.c.obj
 .bss.configured_freq
                0x20002ad4       0x28 CMakeFiles/main__.dir/C_/Microcontroller/pico-SDK/pico-sdk/src/rp2_common/hardware_clocks/clocks.c.obj
 .bss.default_alarm_pool_entry_ids_high
                0x20002afc       0x10 CMakeFiles/main__.dir/C_/Microcontroller/pico-SDK/pico-sdk/src/common/pico_time/time.c.obj
 .bss.default_alarm_pool_heap_nodes
                0x20002b0c       0x30 CMakeFiles/main__.dir/C_/Microcontroller/pico-SDK/pico-sdk/src/common/pico_time/time.c.obj
 .bss.desc_str.0
                0x20002b3c       0x28 CMakeFiles/main__.dir/C_/Microcontroller/pico-SDK/pico-sdk/src/rp2_common/pico_stdio_usb/stdio_usb_descriptors.c.obj
 .bss.drivers   0x20002b64        0x4 CMakeFiles/main__.dir/C_/Microcontroller/pico-SDK/pico-sdk/src/rp2_common/pico_stdio/stdio.c.obj
 .bss.e15_last_sof
                0x20002b68        0x4 CMakeFiles/main__.dir/C_/Microcontroller/pico-SDK/pico-sdk/lib/tinyusb/src/portable/raspberrypi/rp2040/rp2040_usb.c.obj
                0x20002b68                e15_last_sof
 .bss.errno     0x20002b6c        0x4 c:/progra~2/gnuarm~1/102021~1.10/bin/../lib/gcc/arm-none-eabi/10.3.1/../../../../arm-none-eabi/lib/thumb/v6-m/nofp\libc.a(lib_a-reent.o)
                0x20002b6c                errno
 .bss.filter    0x20002b70        0x4 CMakeFiles/main__.dir/C_/Microcontroller/pico-SDK/pico-sdk/src/rp2_common/pico_stdio/stdio.c.obj
 .bss.hw_endpoints
                0x20002b74      0x400 CMakeFiles/main__.dir/C_/Microcontroller/pico-SDK/pico-sdk/lib/tinyusb/src/portable/raspberrypi/rp2040/dcd_rp2040.c.obj
 .bss.lazy_vsnprintf
                0x20002f74        0x4 CMakeFiles/main__.dir/C_/Microcontroller/pico-SDK/pico-sdk/src/rp2_common/pico_printf/printf.c.obj
 .bss.load_value
                0x20002f78        0x4 CMakeFiles/main__.dir/C_/Microcontroller/pico-SDK/pico-sdk/src/rp2_common/hardware_watchdog/watchdog.c.obj
 .bss.next_buffer_ptr
                0x20002f7c        0x4 CMakeFiles/main__.dir/C_/Microcontroller/pico-SDK/pico-sdk/lib/tinyusb/src/portable/raspberrypi/rp2040/dcd_rp2040.c.obj
 .bss.one_shot_timer_crit_sec
                0x20002f80        0x8 CMakeFiles/main__.dir/C_/Microcontroller/pico-SDK/pico-sdk/src/rp2_common/pico_stdio_usb/stdio_usb.c.obj
 .bss.pools     0x20002f88       0x10 CMakeFiles/main__.dir/C_/Microcontroller/pico-SDK/pico-sdk/src/common/pico_time/time.c.obj
 .bss.retrieved_id
                0x20002f98        0x8 CMakeFiles/main__.dir/C_/Microcontroller/pico-SDK/pico-sdk/src/rp2_common/pico_unique_id/unique_id.c.obj
 .bss.sf_clz_func
                0x20002fa0        0x4 CMakeFiles/main__.dir/C_/Microcontroller/pico-SDK/pico-sdk/src/rp2_common/pico_double/double_init_rom.c.obj
                0x20002fa0                sf_clz_func
 .bss.sleep_notifier
                0x20002fa4        0x4 CMakeFiles/main__.dir/C_/Microcontroller/pico-SDK/pico-sdk/src/common/pico_time/time.c.obj
 .bss.stdio_usb_mutex
                0x20002fa8        0x8 CMakeFiles/main__.dir/C_/Microcontroller/pico-SDK/pico-sdk/src/rp2_common/pico_stdio_usb/stdio_usb.c.obj
 .bss.target_hi
                0x20002fb0       0x10 CMakeFiles/main__.dir/C_/Microcontroller/pico-SDK/pico-sdk/src/rp2_common/hardware_timer/timer.c.obj
 .bss.usbd_serial_str
                0x20002fc0       0x11 CMakeFiles/main__.dir/C_/Microcontroller/pico-SDK/pico-sdk/src/rp2_common/pico_stdio_usb/stdio_usb_descriptors.c.obj
 .bss._app_driver_count
                0x20002fd1        0x1 CMakeFiles/main__.dir/C_/Microcontroller/pico-SDK/pico-sdk/lib/tinyusb/src/device/usbd.c.obj
 .bss._sof_enable
                0x20002fd2        0x1 CMakeFiles/main__.dir/C_/Microcontroller/pico-SDK/pico-sdk/lib/tinyusb/src/portable/raspberrypi/rp2040/dcd_rp2040.c.obj
 .bss.boot2_copyout_valid
                0x20002fd3        0x1 CMakeFiles/main__.dir/C_/Microcontroller/pico-SDK/pico-sdk/src/rp2_common/hardware_flash/flash.c.obj
 .bss.claimed   0x20002fd4        0x1 CMakeFiles/main__.dir/C_/Microcontroller/pico-SDK/pico-sdk/src/rp2_common/hardware_timer/timer.c.obj
 .bss.irq_hander_chain_free_slot_head
                0x20002fd5        0x1 CMakeFiles/main__.dir/C_/Microcontroller/pico-SDK/pico-sdk/src/rp2_common/hardware_irq/irq.c.obj
 .bss.itf_num   0x20002fd6        0x1 CMakeFiles/main__.dir/C_/Microcontroller/pico-SDK/pico-sdk/src/rp2_common/pico_stdio_usb/reset_interface.c.obj
 .bss.low_priority_irq_num
                0x20002fd7        0x1 CMakeFiles/main__.dir/C_/Microcontroller/pico-SDK/pico-sdk/src/rp2_common/pico_stdio_usb/stdio_usb.c.obj
 .bss.one_shot_timer_pending
                0x20002fd8        0x1 CMakeFiles/main__.dir/C_/Microcontroller/pico-SDK/pico-sdk/src/rp2_common/pico_stdio_usb/stdio_usb.c.obj
 .bss.timer_callbacks_pending
                0x20002fd9        0x1 CMakeFiles/main__.dir/C_/Microcontroller/pico-SDK/pico-sdk/src/rp2_common/hardware_timer/timer.c.obj
 .bss.user_irq_claimed
                0x20002fda        0x1 CMakeFiles/main__.dir/C_/Microcontroller/pico-SDK/pico-sdk/src/rp2_common/hardware_irq/irq.c.obj
 *(COMMON)
                0x20002fdc                . = ALIGN (0x4)
 *fill*         0x20002fdb        0x1 
                0x20002fdc                __bss_end__ = .

.heap           0x20002fdc      0x800
                0x20002fdc                __end__ = .
                0x20002fdc                end = __end__
 *(.heap*)
 .heap          0x20002fdc      0x800 CMakeFiles/main__.dir/C_/Microcontroller/pico-SDK/pico-sdk/src/rp2_common/pico_standard_link/crt0.S.obj
                0x200037dc                __HeapLimit = .

.stack1_dummy   0x20040000        0x0
 *(.stack1*)

.stack_dummy    0x20041000      0x800
 *(.stack*)
 .stack         0x20041000      0x800 CMakeFiles/main__.dir/C_/Microcontroller/pico-SDK/pico-sdk/src/rp2_common/pico_standard_link/crt0.S.obj

.flash_end      0x1000afc8        0x0
                0x1000afc8                __flash_binary_end = .
                0x20040000                __StackLimit = (ORIGIN (RAM) + LENGTH (RAM))
                0x20041000                __StackOneTop = (ORIGIN (SCRATCH_X) + LENGTH (SCRATCH_X))
                0x20042000                __StackTop = (ORIGIN (SCRATCH_Y) + LENGTH (SCRATCH_Y))
                0x20041000                __StackOneBottom = (__StackOneTop - SIZEOF (.stack1_dummy))
                0x20041800                __StackBottom = (__StackTop - SIZEOF (.stack_dummy))
                0x20042000                PROVIDE (__stack = __StackTop)
                0x00000001                ASSERT ((__StackLimit >= __HeapLimit), region RAM overflowed)
                0x00000001                ASSERT (((__binary_info_header_end - __logical_binary_start) <= 0x100), Binary info must be in first 256 bytes of the binary)
LOAD CMakeFiles/main__.dir/main.cpp.obj
LOAD CMakeFiles/main__.dir/C_/Microcontroller/pico-SDK/pico-sdk/src/rp2_common/pico_stdlib/stdlib.c.obj
LOAD CMakeFiles/main__.dir/C_/Microcontroller/pico-SDK/pico-sdk/src/rp2_common/hardware_gpio/gpio.c.obj
LOAD CMakeFiles/main__.dir/C_/Microcontroller/pico-SDK/pico-sdk/src/rp2_common/pico_platform/platform.c.obj
LOAD CMakeFiles/main__.dir/C_/Microcontroller/pico-SDK/pico-sdk/src/rp2_common/hardware_claim/claim.c.obj
LOAD CMakeFiles/main__.dir/C_/Microcontroller/pico-SDK/pico-sdk/src/rp2_common/hardware_sync/sync.c.obj
LOAD CMakeFiles/main__.dir/C_/Microcontroller/pico-SDK/pico-sdk/src/rp2_common/hardware_irq/irq.c.obj
LOAD CMakeFiles/main__.dir/C_/Microcontroller/pico-SDK/pico-sdk/src/rp2_common/hardware_irq/irq_handler_chain.S.obj
LOAD CMakeFiles/main__.dir/C_/Microcontroller/pico-SDK/pico-sdk/src/common/pico_sync/sem.c.obj
LOAD CMakeFiles/main__.dir/C_/Microcontroller/pico-SDK/pico-sdk/src/common/pico_sync/lock_core.c.obj
LOAD CMakeFiles/main__.dir/C_/Microcontroller/pico-SDK/pico-sdk/src/common/pico_sync/mutex.c.obj
LOAD CMakeFiles/main__.dir/C_/Microcontroller/pico-SDK/pico-sdk/src/common/pico_sync/critical_section.c.obj
LOAD CMakeFiles/main__.dir/C_/Microcontroller/pico-SDK/pico-sdk/src/common/pico_time/time.c.obj
LOAD CMakeFiles/main__.dir/C_/Microcontroller/pico-SDK/pico-sdk/src/common/pico_time/timeout_helper.c.obj
LOAD CMakeFiles/main__.dir/C_/Microcontroller/pico-SDK/pico-sdk/src/rp2_common/hardware_timer/timer.c.obj
LOAD CMakeFiles/main__.dir/C_/Microcontroller/pico-SDK/pico-sdk/src/common/pico_util/datetime.c.obj
LOAD CMakeFiles/main__.dir/C_/Microcontroller/pico-SDK/pico-sdk/src/common/pico_util/pheap.c.obj
LOAD CMakeFiles/main__.dir/C_/Microcontroller/pico-SDK/pico-sdk/src/common/pico_util/queue.c.obj
LOAD CMakeFiles/main__.dir/C_/Microcontroller/pico-SDK/pico-sdk/src/rp2_common/hardware_uart/uart.c.obj
LOAD CMakeFiles/main__.dir/C_/Microcontroller/pico-SDK/pico-sdk/src/rp2_common/hardware_clocks/clocks.c.obj
LOAD CMakeFiles/main__.dir/C_/Microcontroller/pico-SDK/pico-sdk/src/rp2_common/hardware_pll/pll.c.obj
LOAD CMakeFiles/main__.dir/C_/Microcontroller/pico-SDK/pico-sdk/src/rp2_common/hardware_vreg/vreg.c.obj
LOAD CMakeFiles/main__.dir/C_/Microcontroller/pico-SDK/pico-sdk/src/rp2_common/hardware_watchdog/watchdog.c.obj
LOAD CMakeFiles/main__.dir/C_/Microcontroller/pico-SDK/pico-sdk/src/rp2_common/hardware_xosc/xosc.c.obj
LOAD CMakeFiles/main__.dir/C_/Microcontroller/pico-SDK/pico-sdk/src/rp2_common/hardware_divider/divider.S.obj
LOAD CMakeFiles/main__.dir/C_/Microcontroller/pico-SDK/pico-sdk/src/rp2_common/pico_runtime/runtime.c.obj
LOAD CMakeFiles/main__.dir/C_/Microcontroller/pico-SDK/pico-sdk/src/rp2_common/pico_printf/printf.c.obj
LOAD CMakeFiles/main__.dir/C_/Microcontroller/pico-SDK/pico-sdk/src/rp2_common/pico_bit_ops/bit_ops_aeabi.S.obj
LOAD CMakeFiles/main__.dir/C_/Microcontroller/pico-SDK/pico-sdk/src/rp2_common/pico_bootrom/bootrom.c.obj
LOAD CMakeFiles/main__.dir/C_/Microcontroller/pico-SDK/pico-sdk/src/rp2_common/pico_divider/divider.S.obj
LOAD CMakeFiles/main__.dir/C_/Microcontroller/pico-SDK/pico-sdk/src/rp2_common/pico_double/double_aeabi.S.obj
LOAD CMakeFiles/main__.dir/C_/Microcontroller/pico-SDK/pico-sdk/src/rp2_common/pico_double/double_init_rom.c.obj
LOAD CMakeFiles/main__.dir/C_/Microcontroller/pico-SDK/pico-sdk/src/rp2_common/pico_double/double_math.c.obj
LOAD CMakeFiles/main__.dir/C_/Microcontroller/pico-SDK/pico-sdk/src/rp2_common/pico_double/double_v1_rom_shim.S.obj
LOAD CMakeFiles/main__.dir/C_/Microcontroller/pico-SDK/pico-sdk/src/rp2_common/pico_int64_ops/pico_int64_ops_aeabi.S.obj
LOAD CMakeFiles/main__.dir/C_/Microcontroller/pico-SDK/pico-sdk/src/rp2_common/pico_float/float_aeabi.S.obj
LOAD CMakeFiles/main__.dir/C_/Microcontroller/pico-SDK/pico-sdk/src/rp2_common/pico_float/float_init_rom.c.obj
LOAD CMakeFiles/main__.dir/C_/Microcontroller/pico-SDK/pico-sdk/src/rp2_common/pico_float/float_math.c.obj
LOAD CMakeFiles/main__.dir/C_/Microcontroller/pico-SDK/pico-sdk/src/rp2_common/pico_float/float_v1_rom_shim.S.obj
LOAD CMakeFiles/main__.dir/C_/Microcontroller/pico-SDK/pico-sdk/src/rp2_common/pico_malloc/pico_malloc.c.obj
LOAD CMakeFiles/main__.dir/C_/Microcontroller/pico-SDK/pico-sdk/src/rp2_common/pico_mem_ops/mem_ops_aeabi.S.obj
LOAD CMakeFiles/main__.dir/C_/Microcontroller/pico-SDK/pico-sdk/src/rp2_common/pico_standard_link/crt0.S.obj
LOAD CMakeFiles/main__.dir/C_/Microcontroller/pico-SDK/pico-sdk/src/rp2_common/pico_standard_link/new_delete.cpp.obj
LOAD CMakeFiles/main__.dir/C_/Microcontroller/pico-SDK/pico-sdk/src/rp2_common/pico_standard_link/binary_info.c.obj
LOAD CMakeFiles/main__.dir/C_/Microcontroller/pico-SDK/pico-sdk/src/rp2_common/pico_stdio/stdio.c.obj
LOAD CMakeFiles/main__.dir/C_/Microcontroller/pico-SDK/pico-sdk/src/rp2_common/pico_stdio_usb/reset_interface.c.obj
LOAD CMakeFiles/main__.dir/C_/Microcontroller/pico-SDK/pico-sdk/src/rp2_common/pico_stdio_usb/stdio_usb.c.obj
LOAD CMakeFiles/main__.dir/C_/Microcontroller/pico-SDK/pico-sdk/src/rp2_common/pico_stdio_usb/stdio_usb_descriptors.c.obj
LOAD CMakeFiles/main__.dir/C_/Microcontroller/pico-SDK/pico-sdk/src/rp2_common/pico_unique_id/unique_id.c.obj
LOAD CMakeFiles/main__.dir/C_/Microcontroller/pico-SDK/pico-sdk/src/rp2_common/hardware_flash/flash.c.obj
LOAD CMakeFiles/main__.dir/C_/Microcontroller/pico-SDK/pico-sdk/lib/tinyusb/src/portable/raspberrypi/rp2040/dcd_rp2040.c.obj
LOAD CMakeFiles/main__.dir/C_/Microcontroller/pico-SDK/pico-sdk/lib/tinyusb/src/portable/raspberrypi/rp2040/rp2040_usb.c.obj
LOAD CMakeFiles/main__.dir/C_/Microcontroller/pico-SDK/pico-sdk/lib/tinyusb/src/device/usbd.c.obj
LOAD CMakeFiles/main__.dir/C_/Microcontroller/pico-SDK/pico-sdk/lib/tinyusb/src/device/usbd_control.c.obj
LOAD CMakeFiles/main__.dir/C_/Microcontroller/pico-SDK/pico-sdk/lib/tinyusb/src/class/audio/audio_device.c.obj
LOAD CMakeFiles/main__.dir/C_/Microcontroller/pico-SDK/pico-sdk/lib/tinyusb/src/class/cdc/cdc_device.c.obj
LOAD CMakeFiles/main__.dir/C_/Microcontroller/pico-SDK/pico-sdk/lib/tinyusb/src/class/dfu/dfu_device.c.obj
LOAD CMakeFiles/main__.dir/C_/Microcontroller/pico-SDK/pico-sdk/lib/tinyusb/src/class/dfu/dfu_rt_device.c.obj
LOAD CMakeFiles/main__.dir/C_/Microcontroller/pico-SDK/pico-sdk/lib/tinyusb/src/class/hid/hid_device.c.obj
LOAD CMakeFiles/main__.dir/C_/Microcontroller/pico-SDK/pico-sdk/lib/tinyusb/src/class/midi/midi_device.c.obj
LOAD CMakeFiles/main__.dir/C_/Microcontroller/pico-SDK/pico-sdk/lib/tinyusb/src/class/msc/msc_device.c.obj
LOAD CMakeFiles/main__.dir/C_/Microcontroller/pico-SDK/pico-sdk/lib/tinyusb/src/class/net/ecm_rndis_device.c.obj
LOAD CMakeFiles/main__.dir/C_/Microcontroller/pico-SDK/pico-sdk/lib/tinyusb/src/class/net/ncm_device.c.obj
LOAD CMakeFiles/main__.dir/C_/Microcontroller/pico-SDK/pico-sdk/lib/tinyusb/src/class/usbtmc/usbtmc_device.c.obj
LOAD CMakeFiles/main__.dir/C_/Microcontroller/pico-SDK/pico-sdk/lib/tinyusb/src/class/vendor/vendor_device.c.obj
LOAD CMakeFiles/main__.dir/C_/Microcontroller/pico-SDK/pico-sdk/lib/tinyusb/src/class/video/video_device.c.obj
LOAD CMakeFiles/main__.dir/C_/Microcontroller/pico-SDK/pico-sdk/lib/tinyusb/src/tusb.c.obj
LOAD CMakeFiles/main__.dir/C_/Microcontroller/pico-SDK/pico-sdk/lib/tinyusb/src/common/tusb_fifo.c.obj
LOAD CMakeFiles/main__.dir/C_/Microcontroller/pico-SDK/pico-sdk/src/rp2_common/pico_fix/rp2040_usb_device_enumeration/rp2040_usb_device_enumeration.c.obj
LOAD CMakeFiles/main__.dir/C_/Microcontroller/pico-SDK/pico-sdk/src/rp2_common/hardware_dma/dma.c.obj
LOAD C:\Users\bcps1\AppData\Local\Temp\ccimJiUb.o
LOAD c:/progra~2/gnuarm~1/102021~1.10/bin/../lib/gcc/arm-none-eabi/10.3.1/../../../../arm-none-eabi/lib/thumb/v6-m/nofp\libstdc++.a
LOAD c:/progra~2/gnuarm~1/102021~1.10/bin/../lib/gcc/arm-none-eabi/10.3.1/../../../../arm-none-eabi/lib/thumb/v6-m/nofp\libm.a
START GROUP
LOAD c:/progra~2/gnuarm~1/102021~1.10/bin/../lib/gcc/arm-none-eabi/10.3.1/thumb/v6-m/nofp\libgcc.a
LOAD c:/progra~2/gnuarm~1/102021~1.10/bin/../lib/gcc/arm-none-eabi/10.3.1/../../../../arm-none-eabi/lib/thumb/v6-m/nofp\libc.a
END GROUP
START GROUP
LOAD c:/progra~2/gnuarm~1/102021~1.10/bin/../lib/gcc/arm-none-eabi/10.3.1/thumb/v6-m/nofp\libgcc.a
LOAD c:/progra~2/gnuarm~1/102021~1.10/bin/../lib/gcc/arm-none-eabi/10.3.1/../../../../arm-none-eabi/lib/thumb/v6-m/nofp\libc.a
LOAD c:/progra~2/gnuarm~1/102021~1.10/bin/../lib/gcc/arm-none-eabi/10.3.1/../../../../arm-none-eabi/lib/thumb/v6-m/nofp\libnosys.a
END GROUP
LOAD c:/progra~2/gnuarm~1/102021~1.10/bin/../lib/gcc/arm-none-eabi/10.3.1/thumb/v6-m/nofp/crtend.o
LOAD c:/progra~2/gnuarm~1/102021~1.10/bin/../lib/gcc/arm-none-eabi/10.3.1/thumb/v6-m/nofp/crtn.o
OUTPUT(main__.elf elf32-littlearm)
LOAD linker stubs

.ARM.attributes
                0x00000000       0x28
 .ARM.attributes
                0x00000000       0x1e c:/progra~2/gnuarm~1/102021~1.10/bin/../lib/gcc/arm-none-eabi/10.3.1/thumb/v6-m/nofp/crti.o
 .ARM.attributes
                0x0000001e       0x2c c:/progra~2/gnuarm~1/102021~1.10/bin/../lib/gcc/arm-none-eabi/10.3.1/thumb/v6-m/nofp/crtbegin.o
 .ARM.attributes
                0x0000004a       0x2c CMakeFiles/main__.dir/main.cpp.obj
 .ARM.attributes
                0x00000076       0x2c CMakeFiles/main__.dir/C_/Microcontroller/pico-SDK/pico-sdk/src/rp2_common/pico_stdlib/stdlib.c.obj
 .ARM.attributes
                0x000000a2       0x2c CMakeFiles/main__.dir/C_/Microcontroller/pico-SDK/pico-sdk/src/rp2_common/hardware_gpio/gpio.c.obj
 .ARM.attributes
                0x000000ce       0x2c CMakeFiles/main__.dir/C_/Microcontroller/pico-SDK/pico-sdk/src/rp2_common/pico_platform/platform.c.obj
 .ARM.attributes
                0x000000fa       0x2c CMakeFiles/main__.dir/C_/Microcontroller/pico-SDK/pico-sdk/src/rp2_common/hardware_claim/claim.c.obj
 .ARM.attributes
                0x00000126       0x2c CMakeFiles/main__.dir/C_/Microcontroller/pico-SDK/pico-sdk/src/rp2_common/hardware_sync/sync.c.obj
 .ARM.attributes
                0x00000152       0x2c CMakeFiles/main__.dir/C_/Microcontroller/pico-SDK/pico-sdk/src/rp2_common/hardware_irq/irq.c.obj
 .ARM.attributes
                0x0000017e       0x22 CMakeFiles/main__.dir/C_/Microcontroller/pico-SDK/pico-sdk/src/rp2_common/hardware_irq/irq_handler_chain.S.obj
 .ARM.attributes
                0x000001a0       0x2c CMakeFiles/main__.dir/C_/Microcontroller/pico-SDK/pico-sdk/src/common/pico_sync/lock_core.c.obj
 .ARM.attributes
                0x000001cc       0x2c CMakeFiles/main__.dir/C_/Microcontroller/pico-SDK/pico-sdk/src/common/pico_sync/mutex.c.obj
 .ARM.attributes
                0x000001f8       0x2c CMakeFiles/main__.dir/C_/Microcontroller/pico-SDK/pico-sdk/src/common/pico_sync/critical_section.c.obj
 .ARM.attributes
                0x00000224       0x2c CMakeFiles/main__.dir/C_/Microcontroller/pico-SDK/pico-sdk/src/common/pico_time/time.c.obj
 .ARM.attributes
                0x00000250       0x2c CMakeFiles/main__.dir/C_/Microcontroller/pico-SDK/pico-sdk/src/rp2_common/hardware_timer/timer.c.obj
 .ARM.attributes
                0x0000027c       0x2c CMakeFiles/main__.dir/C_/Microcontroller/pico-SDK/pico-sdk/src/common/pico_util/pheap.c.obj
 .ARM.attributes
                0x000002a8       0x2c CMakeFiles/main__.dir/C_/Microcontroller/pico-SDK/pico-sdk/src/rp2_common/hardware_clocks/clocks.c.obj
 .ARM.attributes
                0x000002d4       0x2c CMakeFiles/main__.dir/C_/Microcontroller/pico-SDK/pico-sdk/src/rp2_common/hardware_pll/pll.c.obj
 .ARM.attributes
                0x00000300       0x2c CMakeFiles/main__.dir/C_/Microcontroller/pico-SDK/pico-sdk/src/rp2_common/hardware_watchdog/watchdog.c.obj
 .ARM.attributes
                0x0000032c       0x2c CMakeFiles/main__.dir/C_/Microcontroller/pico-SDK/pico-sdk/src/rp2_common/hardware_xosc/xosc.c.obj
 .ARM.attributes
                0x00000358       0x2c CMakeFiles/main__.dir/C_/Microcontroller/pico-SDK/pico-sdk/src/rp2_common/pico_runtime/runtime.c.obj
 .ARM.attributes
                0x00000384       0x2c CMakeFiles/main__.dir/C_/Microcontroller/pico-SDK/pico-sdk/src/rp2_common/pico_printf/printf.c.obj
 .ARM.attributes
                0x000003b0       0x22 CMakeFiles/main__.dir/C_/Microcontroller/pico-SDK/pico-sdk/src/rp2_common/pico_bit_ops/bit_ops_aeabi.S.obj
 .ARM.attributes
                0x000003d2       0x2c CMakeFiles/main__.dir/C_/Microcontroller/pico-SDK/pico-sdk/src/rp2_common/pico_bootrom/bootrom.c.obj
 .ARM.attributes
                0x000003fe       0x22 CMakeFiles/main__.dir/C_/Microcontroller/pico-SDK/pico-sdk/src/rp2_common/pico_divider/divider.S.obj
 .ARM.attributes
                0x00000420       0x22 CMakeFiles/main__.dir/C_/Microcontroller/pico-SDK/pico-sdk/src/rp2_common/pico_double/double_aeabi.S.obj
 .ARM.attributes
                0x00000442       0x2c CMakeFiles/main__.dir/C_/Microcontroller/pico-SDK/pico-sdk/src/rp2_common/pico_double/double_init_rom.c.obj
 .ARM.attributes
                0x0000046e       0x22 CMakeFiles/main__.dir/C_/Microcontroller/pico-SDK/pico-sdk/src/rp2_common/pico_double/double_v1_rom_shim.S.obj
 .ARM.attributes
                0x00000490       0x22 CMakeFiles/main__.dir/C_/Microcontroller/pico-SDK/pico-sdk/src/rp2_common/pico_int64_ops/pico_int64_ops_aeabi.S.obj
 .ARM.attributes
                0x000004b2       0x22 CMakeFiles/main__.dir/C_/Microcontroller/pico-SDK/pico-sdk/src/rp2_common/pico_float/float_aeabi.S.obj
 .ARM.attributes
                0x000004d4       0x2c CMakeFiles/main__.dir/C_/Microcontroller/pico-SDK/pico-sdk/src/rp2_common/pico_float/float_init_rom.c.obj
 .ARM.attributes
                0x00000500       0x22 CMakeFiles/main__.dir/C_/Microcontroller/pico-SDK/pico-sdk/src/rp2_common/pico_float/float_v1_rom_shim.S.obj
 .ARM.attributes
                0x00000522       0x22 CMakeFiles/main__.dir/C_/Microcontroller/pico-SDK/pico-sdk/src/rp2_common/pico_mem_ops/mem_ops_aeabi.S.obj
 .ARM.attributes
                0x00000544       0x22 CMakeFiles/main__.dir/C_/Microcontroller/pico-SDK/pico-sdk/src/rp2_common/pico_standard_link/crt0.S.obj
 .ARM.attributes
                0x00000566       0x2c CMakeFiles/main__.dir/C_/Microcontroller/pico-SDK/pico-sdk/src/rp2_common/pico_standard_link/binary_info.c.obj
 .ARM.attributes
                0x00000592       0x2c CMakeFiles/main__.dir/C_/Microcontroller/pico-SDK/pico-sdk/src/rp2_common/pico_stdio/stdio.c.obj
 .ARM.attributes
                0x000005be       0x2c CMakeFiles/main__.dir/C_/Microcontroller/pico-SDK/pico-sdk/src/rp2_common/pico_stdio_usb/reset_interface.c.obj
 .ARM.attributes
                0x000005ea       0x2c CMakeFiles/main__.dir/C_/Microcontroller/pico-SDK/pico-sdk/src/rp2_common/pico_stdio_usb/stdio_usb.c.obj
 .ARM.attributes
                0x00000616       0x2c CMakeFiles/main__.dir/C_/Microcontroller/pico-SDK/pico-sdk/src/rp2_common/pico_stdio_usb/stdio_usb_descriptors.c.obj
 .ARM.attributes
                0x00000642       0x2c CMakeFiles/main__.dir/C_/Microcontroller/pico-SDK/pico-sdk/src/rp2_common/pico_unique_id/unique_id.c.obj
 .ARM.attributes
                0x0000066e       0x2c CMakeFiles/main__.dir/C_/Microcontroller/pico-SDK/pico-sdk/src/rp2_common/hardware_flash/flash.c.obj
 .ARM.attributes
                0x0000069a       0x2c CMakeFiles/main__.dir/C_/Microcontroller/pico-SDK/pico-sdk/lib/tinyusb/src/portable/raspberrypi/rp2040/dcd_rp2040.c.obj
 .ARM.attributes
                0x000006c6       0x2c CMakeFiles/main__.dir/C_/Microcontroller/pico-SDK/pico-sdk/lib/tinyusb/src/portable/raspberrypi/rp2040/rp2040_usb.c.obj
 .ARM.attributes
                0x000006f2       0x2c CMakeFiles/main__.dir/C_/Microcontroller/pico-SDK/pico-sdk/lib/tinyusb/src/device/usbd.c.obj
 .ARM.attributes
                0x0000071e       0x2c CMakeFiles/main__.dir/C_/Microcontroller/pico-SDK/pico-sdk/lib/tinyusb/src/device/usbd_control.c.obj
 .ARM.attributes
                0x0000074a       0x2c CMakeFiles/main__.dir/C_/Microcontroller/pico-SDK/pico-sdk/lib/tinyusb/src/class/cdc/cdc_device.c.obj
 .ARM.attributes
                0x00000776       0x2c CMakeFiles/main__.dir/C_/Microcontroller/pico-SDK/pico-sdk/lib/tinyusb/src/tusb.c.obj
 .ARM.attributes
                0x000007a2       0x2c CMakeFiles/main__.dir/C_/Microcontroller/pico-SDK/pico-sdk/lib/tinyusb/src/common/tusb_fifo.c.obj
 .ARM.attributes
                0x000007ce       0x22 C:\Users\bcps1\AppData\Local\Temp\ccimJiUb.o
 .ARM.attributes
                0x000007f0       0x1e c:/progra~2/gnuarm~1/102021~1.10/bin/../lib/gcc/arm-none-eabi/10.3.1/thumb/v6-m/nofp\libgcc.a(_dvmd_tls.o)
 .ARM.attributes
                0x0000080e       0x2c c:/progra~2/gnuarm~1/102021~1.10/bin/../lib/gcc/arm-none-eabi/10.3.1/thumb/v6-m/nofp\libgcc.a(unwind-arm.o)
 .ARM.attributes
                0x0000083a       0x1e c:/progra~2/gnuarm~1/102021~1.10/bin/../lib/gcc/arm-none-eabi/10.3.1/thumb/v6-m/nofp\libgcc.a(libunwind.o)
 .ARM.attributes
                0x00000858       0x2c c:/progra~2/gnuarm~1/102021~1.10/bin/../lib/gcc/arm-none-eabi/10.3.1/thumb/v6-m/nofp\libgcc.a(pr-support.o)
 .ARM.attributes
                0x00000884       0x2c c:/progra~2/gnuarm~1/102021~1.10/bin/../lib/gcc/arm-none-eabi/10.3.1/../../../../arm-none-eabi/lib/thumb/v6-m/nofp\libc.a(lib_a-abort.o)
 .ARM.attributes
                0x000008b0       0x2c c:/progra~2/gnuarm~1/102021~1.10/bin/../lib/gcc/arm-none-eabi/10.3.1/../../../../arm-none-eabi/lib/thumb/v6-m/nofp\libc.a(lib_a-impure.o)
 .ARM.attributes
                0x000008dc       0x2c c:/progra~2/gnuarm~1/102021~1.10/bin/../lib/gcc/arm-none-eabi/10.3.1/../../../../arm-none-eabi/lib/thumb/v6-m/nofp\libc.a(lib_a-signal.o)
 .ARM.attributes
                0x00000908       0x2c c:/progra~2/gnuarm~1/102021~1.10/bin/../lib/gcc/arm-none-eabi/10.3.1/../../../../arm-none-eabi/lib/thumb/v6-m/nofp\libc.a(lib_a-signalr.o)
 .ARM.attributes
                0x00000934       0x2c c:/progra~2/gnuarm~1/102021~1.10/bin/../lib/gcc/arm-none-eabi/10.3.1/../../../../arm-none-eabi/lib/thumb/v6-m/nofp\libc.a(lib_a-strlen-stub.o)
 .ARM.attributes
                0x00000960       0x2c c:/progra~2/gnuarm~1/102021~1.10/bin/../lib/gcc/arm-none-eabi/10.3.1/../../../../arm-none-eabi/lib/thumb/v6-m/nofp\libc.a(lib_a-reent.o)

.comment        0x00000000       0x49
 .comment       0x00000000       0x49 CMakeFiles/main__.dir/main.cpp.obj
                                 0x4a (size before relaxing)
 .comment       0x00000049       0x4a CMakeFiles/main__.dir/C_/Microcontroller/pico-SDK/pico-sdk/src/rp2_common/pico_stdlib/stdlib.c.obj
 .comment       0x00000049       0x4a CMakeFiles/main__.dir/C_/Microcontroller/pico-SDK/pico-sdk/src/rp2_common/hardware_gpio/gpio.c.obj
 .comment       0x00000049       0x4a CMakeFiles/main__.dir/C_/Microcontroller/pico-SDK/pico-sdk/src/rp2_common/pico_platform/platform.c.obj